Archive member included to satisfy reference by file (symbol)

c:/ac6/systemworkbench/plugins/fr.ac6.mcu.externaltools.arm-none.win32_1.15.0.201708311556/tools/compiler/bin/../lib/gcc/arm-none-eabi/6.3.1/thumb/v7e-m/fpv4-sp/hard\libgcc.a(_aeabi_uldivmod.o)
                              Drivers/STM32L4xx_HAL_Driver/Src/stm32l4xx_hal_uart.o (__aeabi_uldivmod)
c:/ac6/systemworkbench/plugins/fr.ac6.mcu.externaltools.arm-none.win32_1.15.0.201708311556/tools/compiler/bin/../lib/gcc/arm-none-eabi/6.3.1/thumb/v7e-m/fpv4-sp/hard\libgcc.a(_udivmoddi4.o)
                              c:/ac6/systemworkbench/plugins/fr.ac6.mcu.externaltools.arm-none.win32_1.15.0.201708311556/tools/compiler/bin/../lib/gcc/arm-none-eabi/6.3.1/thumb/v7e-m/fpv4-sp/hard\libgcc.a(_aeabi_uldivmod.o) (__udivmoddi4)
c:/ac6/systemworkbench/plugins/fr.ac6.mcu.externaltools.arm-none.win32_1.15.0.201708311556/tools/compiler/bin/../lib/gcc/arm-none-eabi/6.3.1/thumb/v7e-m/fpv4-sp/hard\libgcc.a(_dvmd_tls.o)
                              c:/ac6/systemworkbench/plugins/fr.ac6.mcu.externaltools.arm-none.win32_1.15.0.201708311556/tools/compiler/bin/../lib/gcc/arm-none-eabi/6.3.1/thumb/v7e-m/fpv4-sp/hard\libgcc.a(_aeabi_uldivmod.o) (__aeabi_ldiv0)
c:/ac6/systemworkbench/plugins/fr.ac6.mcu.externaltools.arm-none.win32_1.15.0.201708311556/tools/compiler/bin/../lib/gcc/arm-none-eabi/6.3.1/../../../../arm-none-eabi/lib/thumb/v7e-m/fpv4-sp/hard\libc_nano.a(lib_a-exit.o)
                              c:/ac6/systemworkbench/plugins/fr.ac6.mcu.externaltools.arm-none.win32_1.15.0.201708311556/tools/compiler/bin/../lib/gcc/arm-none-eabi/6.3.1/../../../../arm-none-eabi/lib/thumb/v7e-m/fpv4-sp/hard/crt0.o (exit)
c:/ac6/systemworkbench/plugins/fr.ac6.mcu.externaltools.arm-none.win32_1.15.0.201708311556/tools/compiler/bin/../lib/gcc/arm-none-eabi/6.3.1/../../../../arm-none-eabi/lib/thumb/v7e-m/fpv4-sp/hard\libc_nano.a(lib_a-impure.o)
                              c:/ac6/systemworkbench/plugins/fr.ac6.mcu.externaltools.arm-none.win32_1.15.0.201708311556/tools/compiler/bin/../lib/gcc/arm-none-eabi/6.3.1/../../../../arm-none-eabi/lib/thumb/v7e-m/fpv4-sp/hard\libc_nano.a(lib_a-exit.o) (_global_impure_ptr)
c:/ac6/systemworkbench/plugins/fr.ac6.mcu.externaltools.arm-none.win32_1.15.0.201708311556/tools/compiler/bin/../lib/gcc/arm-none-eabi/6.3.1/../../../../arm-none-eabi/lib/thumb/v7e-m/fpv4-sp/hard\libc_nano.a(lib_a-init.o)
                              c:/ac6/systemworkbench/plugins/fr.ac6.mcu.externaltools.arm-none.win32_1.15.0.201708311556/tools/compiler/bin/../lib/gcc/arm-none-eabi/6.3.1/../../../../arm-none-eabi/lib/thumb/v7e-m/fpv4-sp/hard/crt0.o (__libc_init_array)
c:/ac6/systemworkbench/plugins/fr.ac6.mcu.externaltools.arm-none.win32_1.15.0.201708311556/tools/compiler/bin/../lib/gcc/arm-none-eabi/6.3.1/../../../../arm-none-eabi/lib/thumb/v7e-m/fpv4-sp/hard\libc_nano.a(lib_a-memset.o)
                              c:/ac6/systemworkbench/plugins/fr.ac6.mcu.externaltools.arm-none.win32_1.15.0.201708311556/tools/compiler/bin/../lib/gcc/arm-none-eabi/6.3.1/../../../../arm-none-eabi/lib/thumb/v7e-m/fpv4-sp/hard/crt0.o (memset)
c:/ac6/systemworkbench/plugins/fr.ac6.mcu.externaltools.arm-none.win32_1.15.0.201708311556/tools/compiler/bin/../lib/gcc/arm-none-eabi/6.3.1/../../../../arm-none-eabi/lib/thumb/v7e-m/fpv4-sp/hard\libnosys.a(_exit.o)
                              c:/ac6/systemworkbench/plugins/fr.ac6.mcu.externaltools.arm-none.win32_1.15.0.201708311556/tools/compiler/bin/../lib/gcc/arm-none-eabi/6.3.1/../../../../arm-none-eabi/lib/thumb/v7e-m/fpv4-sp/hard\libc_nano.a(lib_a-exit.o) (_exit)

Allocating common symbols
Common symbol       size              file

hdfsdm1_channel1    0x38              Src/dfsdm.o
huart3              0x78              Src/usart.o
hpcd_USB_OTG_FS     0x3cc             Src/usb_otg.o
hi2c2               0x4c              Src/i2c.o
uwTick              0x4               Drivers/STM32L4xx_HAL_Driver/Src/stm32l4xx_hal.o
pFlash              0x20              Drivers/STM32L4xx_HAL_Driver/Src/stm32l4xx_hal_flash.o
hspi3               0x64              Src/spi.o
huart1              0x78              Src/usart.o
OBInit              0x28              Src/main.o
hqspi               0x44              Src/quadspi.o

Discarded input sections

 .text          0x00000000        0x0 c:/ac6/systemworkbench/plugins/fr.ac6.mcu.externaltools.arm-none.win32_1.15.0.201708311556/tools/compiler/bin/../lib/gcc/arm-none-eabi/6.3.1/thumb/v7e-m/fpv4-sp/hard/crti.o
 .data          0x00000000        0x0 c:/ac6/systemworkbench/plugins/fr.ac6.mcu.externaltools.arm-none.win32_1.15.0.201708311556/tools/compiler/bin/../lib/gcc/arm-none-eabi/6.3.1/thumb/v7e-m/fpv4-sp/hard/crti.o
 .bss           0x00000000        0x0 c:/ac6/systemworkbench/plugins/fr.ac6.mcu.externaltools.arm-none.win32_1.15.0.201708311556/tools/compiler/bin/../lib/gcc/arm-none-eabi/6.3.1/thumb/v7e-m/fpv4-sp/hard/crti.o
[...]
Memory Configuration

Name             Origin             Length             Attributes
RAM              0x20000000         0x00018000         xrw
RAM2             0x10000000         0x00008000         xrw
FLASH            0x08000000         0x00100000         xr
*default*        0x00000000         0xffffffff

Linker script and memory map

LOAD c:/ac6/systemworkbench/plugins/fr.ac6.mcu.externaltools.arm-none.win32_1.15.0.201708311556/tools/compiler/bin/../lib/gcc/arm-none-eabi/6.3.1/thumb/v7e-m/fpv4-sp/hard/crti.o
LOAD c:/ac6/systemworkbench/plugins/fr.ac6.mcu.externaltools.arm-none.win32_1.15.0.201708311556/tools/compiler/bin/../lib/gcc/arm-none-eabi/6.3.1/thumb/v7e-m/fpv4-sp/hard/crtbegin.o
LOAD c:/ac6/systemworkbench/plugins/fr.ac6.mcu.externaltools.arm-none.win32_1.15.0.201708311556/tools/compiler/bin/../lib/gcc/arm-none-eabi/6.3.1/../../../../arm-none-eabi/lib/thumb/v7e-m/fpv4-sp/hard/crt0.o
LOAD Drivers/STM32L4xx_HAL_Driver/Src/stm32l4xx_hal.o
LOAD Drivers/STM32L4xx_HAL_Driver/Src/stm32l4xx_hal_cortex.o
LOAD Drivers/STM32L4xx_HAL_Driver/Src/stm32l4xx_hal_dfsdm.o
LOAD Drivers/STM32L4xx_HAL_Driver/Src/stm32l4xx_hal_dma.o
LOAD Drivers/STM32L4xx_HAL_Driver/Src/stm32l4xx_hal_dma_ex.o
LOAD Drivers/STM32L4xx_HAL_Driver/Src/stm32l4xx_hal_flash.o
LOAD Drivers/STM32L4xx_HAL_Driver/Src/stm32l4xx_hal_flash_ex.o
LOAD Drivers/STM32L4xx_HAL_Driver/Src/stm32l4xx_hal_flash_ramfunc.o
LOAD Drivers/STM32L4xx_HAL_Driver/Src/stm32l4xx_hal_gpio.o
LOAD Drivers/STM32L4xx_HAL_Driver/Src/stm32l4xx_hal_i2c.o
LOAD Drivers/STM32L4xx_HAL_Driver/Src/stm32l4xx_hal_i2c_ex.o
LOAD Drivers/STM32L4xx_HAL_Driver/Src/stm32l4xx_hal_pcd.o
LOAD Drivers/STM32L4xx_HAL_Driver/Src/stm32l4xx_hal_pcd_ex.o
LOAD Drivers/STM32L4xx_HAL_Driver/Src/stm32l4xx_hal_pwr.o
LOAD Drivers/STM32L4xx_HAL_Driver/Src/stm32l4xx_hal_pwr_ex.o
LOAD Drivers/STM32L4xx_HAL_Driver/Src/stm32l4xx_hal_qspi.o
LOAD Drivers/STM32L4xx_HAL_Driver/Src/stm32l4xx_hal_rcc.o
LOAD Drivers/STM32L4xx_HAL_Driver/Src/stm32l4xx_hal_rcc_ex.o
LOAD Drivers/STM32L4xx_HAL_Driver/Src/stm32l4xx_hal_spi.o
LOAD Drivers/STM32L4xx_HAL_Driver/Src/stm32l4xx_hal_spi_ex.o
LOAD Drivers/STM32L4xx_HAL_Driver/Src/stm32l4xx_hal_tim.o
LOAD Drivers/STM32L4xx_HAL_Driver/Src/stm32l4xx_hal_tim_ex.o
LOAD Drivers/STM32L4xx_HAL_Driver/Src/stm32l4xx_hal_uart.o
LOAD Drivers/STM32L4xx_HAL_Driver/Src/stm32l4xx_hal_uart_ex.o
LOAD Drivers/STM32L4xx_HAL_Driver/Src/stm32l4xx_ll_usb.o
LOAD Src/dfsdm.o
LOAD Src/gpio.o
LOAD Src/i2c.o
LOAD Src/main.o
LOAD Src/quadspi.o
LOAD Src/spi.o
LOAD Src/stm32l4xx_hal_msp.o
LOAD Src/stm32l4xx_it.o
LOAD Src/system_stm32l4xx.o
LOAD Src/usart.o
LOAD Src/usb_otg.o
LOAD startup/startup_stm32l475xx.o
LOAD c:/ac6/systemworkbench/plugins/fr.ac6.mcu.externaltools.arm-none.win32_1.15.0.201708311556/tools/compiler/bin/../lib/gcc/arm-none-eabi/6.3.1/../../../../arm-none-eabi/lib/thumb/v7e-m/fpv4-sp/hard\libm.a
START GROUP
LOAD c:/ac6/systemworkbench/plugins/fr.ac6.mcu.externaltools.arm-none.win32_1.15.0.201708311556/tools/compiler/bin/../lib/gcc/arm-none-eabi/6.3.1/thumb/v7e-m/fpv4-sp/hard\libgcc.a
LOAD c:/ac6/systemworkbench/plugins/fr.ac6.mcu.externaltools.arm-none.win32_1.15.0.201708311556/tools/compiler/bin/../lib/gcc/arm-none-eabi/6.3.1/../../../../arm-none-eabi/lib/thumb/v7e-m/fpv4-sp/hard\libc_nano.a
END GROUP
START GROUP
LOAD c:/ac6/systemworkbench/plugins/fr.ac6.mcu.externaltools.arm-none.win32_1.15.0.201708311556/tools/compiler/bin/../lib/gcc/arm-none-eabi/6.3.1/thumb/v7e-m/fpv4-sp/hard\libgcc.a
LOAD c:/ac6/systemworkbench/plugins/fr.ac6.mcu.externaltools.arm-none.win32_1.15.0.201708311556/tools/compiler/bin/../lib/gcc/arm-none-eabi/6.3.1/../../../../arm-none-eabi/lib/thumb/v7e-m/fpv4-sp/hard\libc_nano.a
LOAD c:/ac6/systemworkbench/plugins/fr.ac6.mcu.externaltools.arm-none.win32_1.15.0.201708311556/tools/compiler/bin/../lib/gcc/arm-none-eabi/6.3.1/../../../../arm-none-eabi/lib/thumb/v7e-m/fpv4-sp/hard\libnosys.a
END GROUP
START GROUP
LOAD c:/ac6/systemworkbench/plugins/fr.ac6.mcu.externaltools.arm-none.win32_1.15.0.201708311556/tools/compiler/bin/../lib/gcc/arm-none-eabi/6.3.1/thumb/v7e-m/fpv4-sp/hard\libgcc.a
LOAD c:/ac6/systemworkbench/plugins/fr.ac6.mcu.externaltools.arm-none.win32_1.15.0.201708311556/tools/compiler/bin/../lib/gcc/arm-none-eabi/6.3.1/../../../../arm-none-eabi/lib/thumb/v7e-m/fpv4-sp/hard\libc_nano.a
LOAD c:/ac6/systemworkbench/plugins/fr.ac6.mcu.externaltools.arm-none.win32_1.15.0.201708311556/tools/compiler/bin/../lib/gcc/arm-none-eabi/6.3.1/../../../../arm-none-eabi/lib/thumb/v7e-m/fpv4-sp/hard\libnosys.a
END GROUP
LOAD c:/ac6/systemworkbench/plugins/fr.ac6.mcu.externaltools.arm-none.win32_1.15.0.201708311556/tools/compiler/bin/../lib/gcc/arm-none-eabi/6.3.1/thumb/v7e-m/fpv4-sp/hard/crtend.o
LOAD c:/ac6/systemworkbench/plugins/fr.ac6.mcu.externaltools.arm-none.win32_1.15.0.201708311556/tools/compiler/bin/../lib/gcc/arm-none-eabi/6.3.1/thumb/v7e-m/fpv4-sp/hard/crtn.o
                0x20018000                _estack = 0x20018000
                0x00000200                _Min_Heap_Size = 0x200
                0x00000400                _Min_Stack_Size = 0x400

.isr_vector     0x08000000      0x188
                0x08000000                . = ALIGN (0x8)
 *(.isr_vector)
 .isr_vector    0x08000000      0x188 startup/startup_stm32l475xx.o
                0x08000000                g_pfnVectors
                0x08000188                . = ALIGN (0x8)

.text           0x08000188     0x3950
                0x08000188                . = ALIGN (0x8)
 *(.text)
 .text          0x08000188       0x6c c:/ac6/systemworkbench/plugins/fr.ac6.mcu.externaltools.arm-none.win32_1.15.0.201708311556/tools/compiler/bin/../lib/gcc/arm-none-eabi/6.3.1/thumb/v7e-m/fpv4-sp/hard/crtbegin.o
 .text          0x080001f4       0x30 c:/ac6/systemworkbench/plugins/fr.ac6.mcu.externaltools.arm-none.win32_1.15.0.201708311556/tools/compiler/bin/../lib/gcc/arm-none-eabi/6.3.1/thumb/v7e-m/fpv4-sp/hard\libgcc.a(_aeabi_uldivmod.o)
                0x080001f4                __aeabi_uldivmod
 .text          0x08000224      0x2dc c:/ac6/systemworkbench/plugins/fr.ac6.mcu.externaltools.arm-none.win32_1.15.0.201708311556/tools/compiler/bin/../lib/gcc/arm-none-eabi/6.3.1/thumb/v7e-m/fpv4-sp/hard\libgcc.a(_udivmoddi4.o)
                0x08000224                __udivmoddi4
 .text          0x08000500        0x4 c:/ac6/systemworkbench/plugins/fr.ac6.mcu.externaltools.arm-none.win32_1.15.0.201708311556/tools/compiler/bin/../lib/gcc/arm-none-eabi/6.3.1/thumb/v7e-m/fpv4-sp/hard\libgcc.a(_dvmd_tls.o)
                0x08000500                __aeabi_idiv0
                0x08000500                __aeabi_ldiv0
 *(.text*)
 .text.HAL_InitTick
                0x08000504       0x2c Drivers/STM32L4xx_HAL_Driver/Src/stm32l4xx_hal.o
                0x08000504                HAL_InitTick
 .text.HAL_Init
                0x08000530       0x16 Drivers/STM32L4xx_HAL_Driver/Src/stm32l4xx_hal.o
                0x08000530                HAL_Init
 *fill*         0x08000546        0x2 
 .text.HAL_IncTick
                0x08000548       0x10 Drivers/STM32L4xx_HAL_Driver/Src/stm32l4xx_hal.o
                0x08000548                HAL_IncTick
 .text.HAL_GetTick
                0x08000558        0xc Drivers/STM32L4xx_HAL_Driver/Src/stm32l4xx_hal.o
                0x08000558                HAL_GetTick
 .text.HAL_Delay
                0x08000564       0x1e Drivers/STM32L4xx_HAL_Driver/Src/stm32l4xx_hal.o
                0x08000564                HAL_Delay
 *fill*         0x08000582        0x2 
 .text.HAL_NVIC_SetPriorityGrouping
                0x08000584       0x24 Drivers/STM32L4xx_HAL_Driver/Src/stm32l4xx_hal_cortex.o
                0x08000584                HAL_NVIC_SetPriorityGrouping
 .text.HAL_NVIC_SetPriority
                0x080005a8       0x64 Drivers/STM32L4xx_HAL_Driver/Src/stm32l4xx_hal_cortex.o
                0x080005a8                HAL_NVIC_SetPriority
 .text.HAL_NVIC_EnableIRQ
                0x0800060c       0x18 Drivers/STM32L4xx_HAL_Driver/Src/stm32l4xx_hal_cortex.o
                0x0800060c                HAL_NVIC_EnableIRQ
 .text.HAL_SYSTICK_Config
                0x08000624       0x2c Drivers/STM32L4xx_HAL_Driver/Src/stm32l4xx_hal_cortex.o
                0x08000624                HAL_SYSTICK_Config
 .text.HAL_SYSTICK_CLKSourceConfig
                0x08000650       0x20 Drivers/STM32L4xx_HAL_Driver/Src/stm32l4xx_hal_cortex.o
                0x08000650                HAL_SYSTICK_CLKSourceConfig
 .text.HAL_SYSTICK_Callback
                0x08000670        0x2 Drivers/STM32L4xx_HAL_Driver/Src/stm32l4xx_hal_cortex.o
                0x08000670                HAL_SYSTICK_Callback
 .text.HAL_SYSTICK_IRQHandler
                0x08000672        0x8 Drivers/STM32L4xx_HAL_Driver/Src/stm32l4xx_hal_cortex.o
                0x08000672                HAL_SYSTICK_IRQHandler
 *fill*         0x0800067a        0x2 
 .text.DFSDM_GetChannelFromInstance
                0x0800067c       0x58 Drivers/STM32L4xx_HAL_Driver/Src/stm32l4xx_hal_dfsdm.o
 .text.HAL_DFSDM_ChannelInit
                0x080006d4      0x104 Drivers/STM32L4xx_HAL_Driver/Src/stm32l4xx_hal_dfsdm.o
                0x080006d4                HAL_DFSDM_ChannelInit
 .text.FLASH_SetErrorCode
                0x080007d8       0xf8 Drivers/STM32L4xx_HAL_Driver/Src/stm32l4xx_hal_flash.o
 .text.HAL_FLASH_Unlock
                0x080008d0       0x30 Drivers/STM32L4xx_HAL_Driver/Src/stm32l4xx_hal_flash.o
                0x080008d0                HAL_FLASH_Unlock
 .text.HAL_FLASH_OB_Unlock
                0x08000900       0x28 Drivers/STM32L4xx_HAL_Driver/Src/stm32l4xx_hal_flash.o
                0x08000900                HAL_FLASH_OB_Unlock
 .text.FLASH_WaitForLastOperation
                0x08000928       0xb8 Drivers/STM32L4xx_HAL_Driver/Src/stm32l4xx_hal_flash.o
                0x08000928                FLASH_WaitForLastOperation
 .text.HAL_FLASH_OB_Launch
                0x080009e0       0x1c Drivers/STM32L4xx_HAL_Driver/Src/stm32l4xx_hal_flash.o
                0x080009e0                HAL_FLASH_OB_Launch
 .text.FLASH_OB_GetWRP
                0x080009fc       0x5c Drivers/STM32L4xx_HAL_Driver/Src/stm32l4xx_hal_flash_ex.o
 .text.FLASH_OB_GetRDP
                0x08000a58       0x24 Drivers/STM32L4xx_HAL_Driver/Src/stm32l4xx_hal_flash_ex.o
 .text.FLASH_OB_GetUser
                0x08000a7c       0x10 Drivers/STM32L4xx_HAL_Driver/Src/stm32l4xx_hal_flash_ex.o
 .text.FLASH_OB_GetPCROP
                0x08000a8c       0xc0 Drivers/STM32L4xx_HAL_Driver/Src/stm32l4xx_hal_flash_ex.o
 .text.FLASH_OB_WRPConfig
                0x08000b4c       0x8c Drivers/STM32L4xx_HAL_Driver/Src/stm32l4xx_hal_flash_ex.o
 .text.FLASH_OB_RDPConfig
                0x08000bd8       0x40 Drivers/STM32L4xx_HAL_Driver/Src/stm32l4xx_hal_flash_ex.o
 .text.FLASH_OB_UserConfig
                0x08000c18      0x118 Drivers/STM32L4xx_HAL_Driver/Src/stm32l4xx_hal_flash_ex.o
 .text.FLASH_OB_PCROPConfig
                0x08000d30       0xf4 Drivers/STM32L4xx_HAL_Driver/Src/stm32l4xx_hal_flash_ex.o
 .text.HAL_FLASHEx_OBProgram
                0x08000e24       0x90 Drivers/STM32L4xx_HAL_Driver/Src/stm32l4xx_hal_flash_ex.o
                0x08000e24                HAL_FLASHEx_OBProgram
 .text.HAL_FLASHEx_OBGetConfig
                0x08000eb4       0x54 Drivers/STM32L4xx_HAL_Driver/Src/stm32l4xx_hal_flash_ex.o
                0x08000eb4                HAL_FLASHEx_OBGetConfig
 .text.HAL_GPIO_Init
                0x08000f08      0x1d4 Drivers/STM32L4xx_HAL_Driver/Src/stm32l4xx_hal_gpio.o
                0x08000f08                HAL_GPIO_Init
 .text.HAL_GPIO_ReadPin
                0x080010dc        0xe Drivers/STM32L4xx_HAL_Driver/Src/stm32l4xx_hal_gpio.o
                0x080010dc                HAL_GPIO_ReadPin
 .text.HAL_GPIO_WritePin
                0x080010ea        0xa Drivers/STM32L4xx_HAL_Driver/Src/stm32l4xx_hal_gpio.o
                0x080010ea                HAL_GPIO_WritePin
 .text.HAL_GPIO_TogglePin
                0x080010f4        0x8 Drivers/STM32L4xx_HAL_Driver/Src/stm32l4xx_hal_gpio.o
                0x080010f4                HAL_GPIO_TogglePin
 .text.HAL_GPIO_EXTI_Callback
                0x080010fc        0x2 Drivers/STM32L4xx_HAL_Driver/Src/stm32l4xx_hal_gpio.o
                0x080010fc                HAL_GPIO_EXTI_Callback
 *fill*         0x080010fe        0x2 
 .text.HAL_GPIO_EXTI_IRQHandler
                0x08001100       0x1c Drivers/STM32L4xx_HAL_Driver/Src/stm32l4xx_hal_gpio.o
                0x08001100                HAL_GPIO_EXTI_IRQHandler
 .text.HAL_I2C_Init
                0x0800111c       0xbc Drivers/STM32L4xx_HAL_Driver/Src/stm32l4xx_hal_i2c.o
                0x0800111c                HAL_I2C_Init
 .text.HAL_I2CEx_ConfigAnalogFilter
                0x080011d8       0x5c Drivers/STM32L4xx_HAL_Driver/Src/stm32l4xx_hal_i2c_ex.o
                0x080011d8                HAL_I2CEx_ConfigAnalogFilter
 .text.HAL_I2CEx_ConfigDigitalFilter
                0x08001234       0x58 Drivers/STM32L4xx_HAL_Driver/Src/stm32l4xx_hal_i2c_ex.o
                0x08001234                HAL_I2CEx_ConfigDigitalFilter
 .text.HAL_PCD_Init
                0x0800128c      0x108 Drivers/STM32L4xx_HAL_Driver/Src/stm32l4xx_hal_pcd.o
                0x0800128c                HAL_PCD_Init
 .text.HAL_PCDEx_ActivateLPM
                0x08001394       0x26 Drivers/STM32L4xx_HAL_Driver/Src/stm32l4xx_hal_pcd_ex.o
                0x08001394                HAL_PCDEx_ActivateLPM
 .text.HAL_PCDEx_ActivateBCD
                0x080013ba       0x14 Drivers/STM32L4xx_HAL_Driver/Src/stm32l4xx_hal_pcd_ex.o
                0x080013ba                HAL_PCDEx_ActivateBCD
 *fill*         0x080013ce        0x2 
 .text.HAL_PWREx_GetVoltageRange
                0x080013d0       0x10 Drivers/STM32L4xx_HAL_Driver/Src/stm32l4xx_hal_pwr_ex.o
                0x080013d0                HAL_PWREx_GetVoltageRange
 .text.HAL_PWREx_ControlVoltageScaling
                0x080013e0       0x90 Drivers/STM32L4xx_HAL_Driver/Src/stm32l4xx_hal_pwr_ex.o
                0x080013e0                HAL_PWREx_ControlVoltageScaling
 .text.HAL_PWREx_EnableVddUSB
                0x08001470       0x10 Drivers/STM32L4xx_HAL_Driver/Src/stm32l4xx_hal_pwr_ex.o
                0x08001470                HAL_PWREx_EnableVddUSB
 .text.QSPI_WaitFlagStateUntilTimeout
                0x08001480       0x4c Drivers/STM32L4xx_HAL_Driver/Src/stm32l4xx_hal_qspi.o
 .text.HAL_QSPI_SetTimeout
                0x080014cc        0x4 Drivers/STM32L4xx_HAL_Driver/Src/stm32l4xx_hal_qspi.o
                0x080014cc                HAL_QSPI_SetTimeout
 .text.HAL_QSPI_Init
                0x080014d0       0xc0 Drivers/STM32L4xx_HAL_Driver/Src/stm32l4xx_hal_qspi.o
                0x080014d0                HAL_QSPI_Init
 .text.RCC_SetFlashLatencyFromMSIRange
                0x08001590       0x90 Drivers/STM32L4xx_HAL_Driver/Src/stm32l4xx_hal_rcc.o
 .text.HAL_RCC_GetSysClockFreq
                0x08001620      0x100 Drivers/STM32L4xx_HAL_Driver/Src/stm32l4xx_hal_rcc.o
                0x08001620                HAL_RCC_GetSysClockFreq
 .text.HAL_RCC_OscConfig
                0x08001720      0x574 Drivers/STM32L4xx_HAL_Driver/Src/stm32l4xx_hal_rcc.o
                0x08001720                HAL_RCC_OscConfig
 .text.HAL_RCC_ClockConfig
                0x08001c94      0x1ac Drivers/STM32L4xx_HAL_Driver/Src/stm32l4xx_hal_rcc.o
                0x08001c94                HAL_RCC_ClockConfig
 .text.HAL_RCC_GetHCLKFreq
                0x08001e40        0xc Drivers/STM32L4xx_HAL_Driver/Src/stm32l4xx_hal_rcc.o
                0x08001e40                HAL_RCC_GetHCLKFreq
 .text.HAL_RCC_GetPCLK1Freq
                0x08001e4c       0x20 Drivers/STM32L4xx_HAL_Driver/Src/stm32l4xx_hal_rcc.o
                0x08001e4c                HAL_RCC_GetPCLK1Freq
 .text.HAL_RCC_GetPCLK2Freq
                0x08001e6c       0x20 Drivers/STM32L4xx_HAL_Driver/Src/stm32l4xx_hal_rcc.o
                0x08001e6c                HAL_RCC_GetPCLK2Freq
 .text.RCCEx_PLLSAI1_Config
                0x08001e8c      0x180 Drivers/STM32L4xx_HAL_Driver/Src/stm32l4xx_hal_rcc_ex.o
 .text.RCCEx_PLLSAI2_Config
                0x0800200c      0x15c Drivers/STM32L4xx_HAL_Driver/Src/stm32l4xx_hal_rcc_ex.o
 .text.HAL_RCCEx_PeriphCLKConfig
                0x08002168      0x44c Drivers/STM32L4xx_HAL_Driver/Src/stm32l4xx_hal_rcc_ex.o
                0x08002168                HAL_RCCEx_PeriphCLKConfig
 .text.HAL_RCCEx_EnableMSIPLLMode
                0x080025b4       0x10 Drivers/STM32L4xx_HAL_Driver/Src/stm32l4xx_hal_rcc_ex.o
                0x080025b4                HAL_RCCEx_EnableMSIPLLMode
 .text.HAL_SPI_Init
                0x080025c4       0xb0 Drivers/STM32L4xx_HAL_Driver/Src/stm32l4xx_hal_spi.o
                0x080025c4                HAL_SPI_Init
 .text.UART_SetConfig
                0x08002674      0x410 Drivers/STM32L4xx_HAL_Driver/Src/stm32l4xx_hal_uart.o
                0x08002674                UART_SetConfig
 .text.UART_AdvFeatureConfig
                0x08002a84       0xca Drivers/STM32L4xx_HAL_Driver/Src/stm32l4xx_hal_uart.o
                0x08002a84                UART_AdvFeatureConfig
 .text.UART_WaitOnFlagUntilTimeout
                0x08002b4e       0x64 Drivers/STM32L4xx_HAL_Driver/Src/stm32l4xx_hal_uart.o
                0x08002b4e                UART_WaitOnFlagUntilTimeout
 .text.HAL_UART_Transmit
                0x08002bb2       0xd0 Drivers/STM32L4xx_HAL_Driver/Src/stm32l4xx_hal_uart.o
                0x08002bb2                HAL_UART_Transmit
 .text.UART_CheckIdleState
                0x08002c82       0x70 Drivers/STM32L4xx_HAL_Driver/Src/stm32l4xx_hal_uart.o
                0x08002c82                UART_CheckIdleState
 .text.HAL_UART_Init
                0x08002cf2       0x68 Drivers/STM32L4xx_HAL_Driver/Src/stm32l4xx_hal_uart.o
                0x08002cf2                HAL_UART_Init
 .text.USB_CoreInit
                0x08002d5a       0x28 Drivers/STM32L4xx_HAL_Driver/Src/stm32l4xx_ll_usb.o
                0x08002d5a                USB_CoreInit
 .text.USB_DisableGlobalInt
                0x08002d82        0xc Drivers/STM32L4xx_HAL_Driver/Src/stm32l4xx_ll_usb.o
                0x08002d82                USB_DisableGlobalInt
 .text.USB_SetCurrentMode
                0x08002d8e       0x2c Drivers/STM32L4xx_HAL_Driver/Src/stm32l4xx_ll_usb.o
                0x08002d8e                USB_SetCurrentMode
 *fill*         0x08002dba        0x2 
 .text.USB_DevInit
                0x08002dbc      0x144 Drivers/STM32L4xx_HAL_Driver/Src/stm32l4xx_ll_usb.o
                0x08002dbc                USB_DevInit
 .text.USB_FlushTxFifo
                0x08002f00       0x28 Drivers/STM32L4xx_HAL_Driver/Src/stm32l4xx_ll_usb.o
                0x08002f00                USB_FlushTxFifo
 .text.USB_FlushRxFifo
                0x08002f28       0x24 Drivers/STM32L4xx_HAL_Driver/Src/stm32l4xx_ll_usb.o
                0x08002f28                USB_FlushRxFifo
 .text.USB_SetDevSpeed
                0x08002f4c        0xe Drivers/STM32L4xx_HAL_Driver/Src/stm32l4xx_ll_usb.o
                0x08002f4c                USB_SetDevSpeed
 .text.USB_DevDisconnect
                0x08002f5a       0x18 Drivers/STM32L4xx_HAL_Driver/Src/stm32l4xx_ll_usb.o
                0x08002f5a                USB_DevDisconnect
 *fill*         0x08002f72        0x2 
 .text.USB_CoreReset
                0x08002f74       0x68 Drivers/STM32L4xx_HAL_Driver/Src/stm32l4xx_ll_usb.o
 .text.MX_DFSDM1_Init
                0x08002fdc       0x4c Src/dfsdm.o
                0x08002fdc                MX_DFSDM1_Init
 .text.HAL_DFSDM_ChannelMspInit
                0x08003028       0x58 Src/dfsdm.o
                0x08003028                HAL_DFSDM_ChannelMspInit
 .text.MX_GPIO_Init
                0x08003080      0x284 Src/gpio.o
                0x08003080                MX_GPIO_Init
 .text.MX_I2C2_Init
                0x08003304       0x68 Src/i2c.o
                0x08003304                MX_I2C2_Init
 .text.HAL_I2C_MspInit
                0x0800336c       0x54 Src/i2c.o
                0x0800336c                HAL_I2C_MspInit
 .text._Error_Handler
                0x080033c0        0x2 Src/main.o
                0x080033c0                _Error_Handler
 *fill*         0x080033c2        0x2 
 .text.SystemClock_Config
                0x080033c4      0x100 Src/main.o
                0x080033c4                SystemClock_Config
 .text.main     0x080034c4      0x104 Src/main.o
                0x080034c4                main
 .text.MX_QUADSPI_Init
                0x080035c8       0x38 Src/quadspi.o
                0x080035c8                MX_QUADSPI_Init
 .text.HAL_QSPI_MspInit
                0x08003600       0x54 Src/quadspi.o
                0x08003600                HAL_QSPI_MspInit
 .text.MX_SPI3_Init
                0x08003654       0x54 Src/spi.o
                0x08003654                MX_SPI3_Init
 .text.HAL_SPI_MspInit
                0x080036a8       0x50 Src/spi.o
                0x080036a8                HAL_SPI_MspInit
 .text.HAL_MspInit
                0x080036f8       0x90 Src/stm32l4xx_hal_msp.o
                0x080036f8                HAL_MspInit
 .text.NMI_Handler
                0x08003788        0x2 Src/stm32l4xx_it.o
                0x08003788                NMI_Handler
 .text.HardFault_Handler
                0x0800378a        0x2 Src/stm32l4xx_it.o
                0x0800378a                HardFault_Handler
 .text.MemManage_Handler
                0x0800378c        0x2 Src/stm32l4xx_it.o
                0x0800378c                MemManage_Handler
 .text.BusFault_Handler
                0x0800378e        0x2 Src/stm32l4xx_it.o
                0x0800378e                BusFault_Handler
 .text.UsageFault_Handler
                0x08003790        0x2 Src/stm32l4xx_it.o
                0x08003790                UsageFault_Handler
 .text.SVC_Handler
                0x08003792        0x2 Src/stm32l4xx_it.o
                0x08003792                SVC_Handler
 .text.DebugMon_Handler
                0x08003794        0x2 Src/stm32l4xx_it.o
                0x08003794                DebugMon_Handler
 .text.PendSV_Handler
                0x08003796        0x2 Src/stm32l4xx_it.o
                0x08003796                PendSV_Handler
 .text.SysTick_Handler
                0x08003798        0xc Src/stm32l4xx_it.o
                0x08003798                SysTick_Handler
 .text.EXTI9_5_IRQHandler
                0x080037a4       0x1e Src/stm32l4xx_it.o
                0x080037a4                EXTI9_5_IRQHandler
 .text.EXTI15_10_IRQHandler
                0x080037c2       0x2c Src/stm32l4xx_it.o
                0x080037c2                EXTI15_10_IRQHandler
 *fill*         0x080037ee        0x2 
 .text.SystemInit
                0x080037f0       0x48 Src/system_stm32l4xx.o
                0x080037f0                SystemInit
 .text.MX_USART1_UART_Init
                0x08003838       0x40 Src/usart.o
                0x08003838                MX_USART1_UART_Init
 .text.MX_USART3_UART_Init
                0x08003878       0x44 Src/usart.o
                0x08003878                MX_USART3_UART_Init
 .text.HAL_UART_MspInit
                0x080038bc       0x94 Src/usart.o
                0x080038bc                HAL_UART_MspInit
 .text.MX_USB_OTG_FS_PCD_Init
                0x08003950       0x40 Src/usb_otg.o
                0x08003950                MX_USB_OTG_FS_PCD_Init
 .text.HAL_PCD_MspInit
                0x08003990       0x94 Src/usb_otg.o
                0x08003990                HAL_PCD_MspInit
 .text.Reset_Handler
                0x08003a24       0x50 startup/startup_stm32l475xx.o
                0x08003a24                Reset_Handler
 .text.Default_Handler
                0x08003a74        0x2 startup/startup_stm32l475xx.o
                0x08003a74                RTC_Alarm_IRQHandler
                0x08003a74                EXTI2_IRQHandler
                0x08003a74                TIM8_TRG_COM_IRQHandler
                0x08003a74                TIM8_CC_IRQHandler
                0x08003a74                TIM1_CC_IRQHandler
                0x08003a74                TSC_IRQHandler
                0x08003a74                TAMP_STAMP_IRQHandler
                0x08003a74                EXTI3_IRQHandler
                0x08003a74                LPTIM2_IRQHandler
                0x08003a74                DFSDM1_FLT1_IRQHandler
                0x08003a74                I2C3_ER_IRQHandler
                0x08003a74                DFSDM1_FLT2_IRQHandler
                0x08003a74                EXTI0_IRQHandler
                0x08003a74                I2C2_EV_IRQHandler
                0x08003a74                CAN1_RX0_IRQHandler
                0x08003a74                FPU_IRQHandler
                0x08003a74                TIM1_UP_TIM16_IRQHandler
                0x08003a74                ADC1_2_IRQHandler
                0x08003a74                SPI1_IRQHandler
                0x08003a74                TIM6_DAC_IRQHandler
                0x08003a74                TIM8_UP_IRQHandler
                0x08003a74                DMA2_Channel2_IRQHandler
                0x08003a74                DMA1_Channel4_IRQHandler
                0x08003a74                SAI2_IRQHandler
                0x08003a74                DFSDM1_FLT3_IRQHandler
                0x08003a74                USART3_IRQHandler
                0x08003a74                DMA1_Channel7_IRQHandler
                0x08003a74                CAN1_RX1_IRQHandler
                0x08003a74                UART5_IRQHandler
                0x08003a74                ADC3_IRQHandler
                0x08003a74                TIM4_IRQHandler
                0x08003a74                DMA2_Channel1_IRQHandler
                0x08003a74                QUADSPI_IRQHandler
                0x08003a74                I2C1_EV_IRQHandler
                0x08003a74                DMA1_Channel6_IRQHandler
                0x08003a74                UART4_IRQHandler
                0x08003a74                DMA2_Channel4_IRQHandler
                0x08003a74                TIM3_IRQHandler
                0x08003a74                RCC_IRQHandler
                0x08003a74                DMA1_Channel1_IRQHandler
                0x08003a74                Default_Handler
                0x08003a74                DMA2_Channel7_IRQHandler
                0x08003a74                TIM7_IRQHandler
                0x08003a74                SDMMC1_IRQHandler
                0x08003a74                TIM5_IRQHandler
                0x08003a74                I2C3_EV_IRQHandler
                0x08003a74                RTC_WKUP_IRQHandler
                0x08003a74                PVD_PVM_IRQHandler
                0x08003a74                SPI2_IRQHandler
                0x08003a74                CAN1_TX_IRQHandler
                0x08003a74                DMA2_Channel5_IRQHandler
                0x08003a74                DMA1_Channel5_IRQHandler
                0x08003a74                EXTI4_IRQHandler
                0x08003a74                RNG_IRQHandler
                0x08003a74                TIM1_TRG_COM_TIM17_IRQHandler
                0x08003a74                DMA1_Channel3_IRQHandler
                0x08003a74                COMP_IRQHandler
                0x08003a74                WWDG_IRQHandler
                0x08003a74                LPUART1_IRQHandler
                0x08003a74                DMA2_Channel6_IRQHandler
                0x08003a74                TIM2_IRQHandler
                0x08003a74                EXTI1_IRQHandler
                0x08003a74                USART2_IRQHandler
                0x08003a74                DFSDM1_FLT0_IRQHandler
                0x08003a74                I2C2_ER_IRQHandler
                0x08003a74                DMA1_Channel2_IRQHandler
                0x08003a74                TIM8_BRK_IRQHandler
                0x08003a74                CAN1_SCE_IRQHandler
                0x08003a74                FLASH_IRQHandler
                0x08003a74                USART1_IRQHandler
                0x08003a74                OTG_FS_IRQHandler
                0x08003a74                SPI3_IRQHandler
                0x08003a74                I2C1_ER_IRQHandler
                0x08003a74                FMC_IRQHandler
                0x08003a74                SWPMI1_IRQHandler
                0x08003a74                LPTIM1_IRQHandler
                0x08003a74                SAI1_IRQHandler
                0x08003a74                DMA2_Channel3_IRQHandler
                0x08003a74                TIM1_BRK_TIM15_IRQHandler
 *fill*         0x08003a76        0x2 
 .text.__libc_init_array
                0x08003a78       0x48 c:/ac6/systemworkbench/plugins/fr.ac6.mcu.externaltools.arm-none.win32_1.15.0.201708311556/tools/compiler/bin/../lib/gcc/arm-none-eabi/6.3.1/../../../../arm-none-eabi/lib/thumb/v7e-m/fpv4-sp/hard\libc_nano.a(lib_a-init.o)
                0x08003a78                __libc_init_array
 *(.glue_7)
 .glue_7        0x08003ac0        0x0 linker stubs
 *(.glue_7t)
 .glue_7t       0x08003ac0        0x0 linker stubs
 *(.eh_frame)
 .eh_frame      0x08003ac0        0x0 c:/ac6/systemworkbench/plugins/fr.ac6.mcu.externaltools.arm-none.win32_1.15.0.201708311556/tools/compiler/bin/../lib/gcc/arm-none-eabi/6.3.1/thumb/v7e-m/fpv4-sp/hard/crtbegin.o
 *(.init)
 .init          0x08003ac0        0x4 c:/ac6/systemworkbench/plugins/fr.ac6.mcu.externaltools.arm-none.win32_1.15.0.201708311556/tools/compiler/bin/../lib/gcc/arm-none-eabi/6.3.1/thumb/v7e-m/fpv4-sp/hard/crti.o
                0x08003ac0                _init
 .init          0x08003ac4        0x8 c:/ac6/systemworkbench/plugins/fr.ac6.mcu.externaltools.arm-none.win32_1.15.0.201708311556/tools/compiler/bin/../lib/gcc/arm-none-eabi/6.3.1/thumb/v7e-m/fpv4-sp/hard/crtn.o
 *(.fini)
 .fini          0x08003acc        0x4 c:/ac6/systemworkbench/plugins/fr.ac6.mcu.externaltools.arm-none.win32_1.15.0.201708311556/tools/compiler/bin/../lib/gcc/arm-none-eabi/6.3.1/thumb/v7e-m/fpv4-sp/hard/crti.o
                0x08003acc                _fini
 .fini          0x08003ad0        0x8 c:/ac6/systemworkbench/plugins/fr.ac6.mcu.externaltools.arm-none.win32_1.15.0.201708311556/tools/compiler/bin/../lib/gcc/arm-none-eabi/6.3.1/thumb/v7e-m/fpv4-sp/hard/crtn.o
                0x08003ad8                . = ALIGN (0x8)
                0x08003ad8                _etext = .

.vfp11_veneer   0x08003ad8        0x0
 .vfp11_veneer  0x08003ad8        0x0 linker stubs

.v4_bx          0x08003ad8        0x0
 .v4_bx         0x08003ad8        0x0 linker stubs

.iplt           0x08003ad8        0x0
 .iplt          0x08003ad8        0x0 c:/ac6/systemworkbench/plugins/fr.ac6.mcu.externaltools.arm-none.win32_1.15.0.201708311556/tools/compiler/bin/../lib/gcc/arm-none-eabi/6.3.1/thumb/v7e-m/fpv4-sp/hard/crtbegin.o

.rodata         0x08003ad8       0xc8
                0x08003ad8                . = ALIGN (0x8)
 *(.rodata)
 .rodata        0x08003ad8       0x48 Src/system_stm32l4xx.o
                0x08003ad8                MSIRangeTable
                0x08003b08                AHBPrescTable
                0x08003b18                APBPrescTable
 *(.rodata*)
 .rodata.str1.4
                0x08003b20        0xf Src/dfsdm.o
 *fill*         0x08003b2f        0x1 
 .rodata.str1.4
                0x08003b30        0xd Src/i2c.o
 *fill*         0x08003b3d        0x3 
 .rodata.str1.4
                0x08003b40       0x17 Src/main.o
 *fill*         0x08003b57        0x1 
 .rodata.str1.4
                0x08003b58       0x11 Src/quadspi.o
 *fill*         0x08003b69        0x3 
 .rodata.str1.4
                0x08003b6c        0xd Src/spi.o
 *fill*         0x08003b79        0x3 
 .rodata.str1.4
                0x08003b7c        0xf Src/usart.o
 *fill*         0x08003b8b        0x1 
 .rodata.str1.4
                0x08003b8c       0x14 Src/usb_otg.o
                                 0x11 (size before relaxing)
                0x08003ba0                . = ALIGN (0x8)

.ARM.extab      0x08003ba0        0x0
                0x08003ba0                . = ALIGN (0x8)
 *(.ARM.extab* .gnu.linkonce.armextab.*)
                0x08003ba0                . = ALIGN (0x8)

.ARM            0x08003ba0        0x8
                0x08003ba0                . = ALIGN (0x8)
                0x08003ba0                __exidx_start = .
 *(.ARM.exidx*)
 .ARM.exidx     0x08003ba0        0x8 c:/ac6/systemworkbench/plugins/fr.ac6.mcu.externaltools.arm-none.win32_1.15.0.201708311556/tools/compiler/bin/../lib/gcc/arm-none-eabi/6.3.1/thumb/v7e-m/fpv4-sp/hard\libgcc.a(_udivmoddi4.o)
                0x08003ba8                __exidx_end = .
                0x08003ba8                . = ALIGN (0x8)

.rel.dyn        0x08003ba8        0x0
 .rel.iplt      0x08003ba8        0x0 c:/ac6/systemworkbench/plugins/fr.ac6.mcu.externaltools.arm-none.win32_1.15.0.201708311556/tools/compiler/bin/../lib/gcc/arm-none-eabi/6.3.1/thumb/v7e-m/fpv4-sp/hard/crtbegin.o

.preinit_array  0x08003ba8        0x0
                0x08003ba8                . = ALIGN (0x8)
                0x08003ba8                PROVIDE (__preinit_array_start, .)
 *(.preinit_array*)
                0x08003ba8                PROVIDE (__preinit_array_end, .)
                0x08003ba8                . = ALIGN (0x8)

.init_array     0x08003ba8        0x8
                0x08003ba8                . = ALIGN (0x8)
                0x08003ba8                PROVIDE (__init_array_start, .)
 *(SORT(.init_array.*))
 *(.init_array*)
 .init_array    0x08003ba8        0x4 c:/ac6/systemworkbench/plugins/fr.ac6.mcu.externaltools.arm-none.win32_1.15.0.201708311556/tools/compiler/bin/../lib/gcc/arm-none-eabi/6.3.1/thumb/v7e-m/fpv4-sp/hard/crtbegin.o
                0x08003bac                PROVIDE (__init_array_end, .)
                0x08003bb0                . = ALIGN (0x8)
 *fill*         0x08003bac        0x4 

.fini_array     0x08003bb0        0x8
                0x08003bb0                . = ALIGN (0x8)
                [!provide]                PROVIDE (__fini_array_start, .)
 *(SORT(.fini_array.*))
 *(.fini_array*)
 .fini_array    0x08003bb0        0x4 c:/ac6/systemworkbench/plugins/fr.ac6.mcu.externaltools.arm-none.win32_1.15.0.201708311556/tools/compiler/bin/../lib/gcc/arm-none-eabi/6.3.1/thumb/v7e-m/fpv4-sp/hard/crtbegin.o
                [!provide]                PROVIDE (__fini_array_end, .)
                0x08003bb8                . = ALIGN (0x8)
 *fill*         0x08003bb4        0x4 
                0x08003bb8                _sidata = LOADADDR (.data)

.data           0x20000000        0x8 load address 0x08003bb8
                0x20000000                . = ALIGN (0x8)
                0x20000000                _sdata = .
 *(.data)
 .data          0x20000000        0x4 Src/system_stm32l4xx.o
                0x20000000                SystemCoreClock
 *(.data*)
                0x20000008                . = ALIGN (0x8)
 *fill*         0x20000004        0x4 
                0x20000008                _edata = .

.jcr            0x20000008        0x0 load address 0x08003bc0
 .jcr           0x20000008        0x0 c:/ac6/systemworkbench/plugins/fr.ac6.mcu.externaltools.arm-none.win32_1.15.0.201708311556/tools/compiler/bin/../lib/gcc/arm-none-eabi/6.3.1/thumb/v7e-m/fpv4-sp/hard/crtbegin.o

.igot.plt       0x20000008        0x0 load address 0x08003bc0
 .igot.plt      0x20000008        0x0 c:/ac6/systemworkbench/plugins/fr.ac6.mcu.externaltools.arm-none.win32_1.15.0.201708311556/tools/compiler/bin/../lib/gcc/arm-none-eabi/6.3.1/thumb/v7e-m/fpv4-sp/hard/crtbegin.o
                0x20000008                . = ALIGN (0x4)

.bss            0x20000008      0x678 load address 0x08003bc0
                0x20000008                _sbss = .
                0x20000008                __bss_start__ = _sbss
 *(.bss)
 .bss           0x20000008       0x1c c:/ac6/systemworkbench/plugins/fr.ac6.mcu.externaltools.arm-none.win32_1.15.0.201708311556/tools/compiler/bin/../lib/gcc/arm-none-eabi/6.3.1/thumb/v7e-m/fpv4-sp/hard/crtbegin.o
 .bss           0x20000024       0x24 Drivers/STM32L4xx_HAL_Driver/Src/stm32l4xx_hal_dfsdm.o
                0x20000024                a_dfsdm1ChannelHandle
                0x20000044                v_dfsdm1ChannelCounter
 .bss           0x20000048        0x4 Src/dfsdm.o
 *(.bss*)
 *(COMMON)
 COMMON         0x2000004c        0x4 Drivers/STM32L4xx_HAL_Driver/Src/stm32l4xx_hal.o
                0x2000004c                uwTick
 COMMON         0x20000050       0x20 Drivers/STM32L4xx_HAL_Driver/Src/stm32l4xx_hal_flash.o
                0x20000050                pFlash
 COMMON         0x20000070       0x38 Src/dfsdm.o
                0x20000070                hdfsdm1_channel1
 COMMON         0x200000a8       0x4c Src/i2c.o
                0x200000a8                hi2c2
 COMMON         0x200000f4       0x28 Src/main.o
                0x200000f4                OBInit
 COMMON         0x2000011c       0x44 Src/quadspi.o
                0x2000011c                hqspi
 COMMON         0x20000160       0x64 Src/spi.o
                0x20000160                hspi3
 COMMON         0x200001c4       0xf0 Src/usart.o
                0x200001c4                huart3
                0x2000023c                huart1
 COMMON         0x200002b4      0x3cc Src/usb_otg.o
                0x200002b4                hpcd_USB_OTG_FS
                0x20000680                . = ALIGN (0x4)
                0x20000680                _ebss = .
                0x20000680                __bss_end__ = _ebss

._user_heap_stack
                0x20000680      0x600 load address 0x08003bc0
                0x20000680                . = ALIGN (0x8)
                [!provide]                PROVIDE (end, .)
                [!provide]                PROVIDE (_end, .)
                0x20000880                . = (. + _Min_Heap_Size)
 *fill*         0x20000680      0x200 
                0x20000c80                . = (. + _Min_Stack_Size)
 *fill*         0x20000880      0x400 
                0x20000c80                . = ALIGN (0x8)

/DISCARD/
 libc.a(*)
 libm.a(*)
 libgcc.a(*)

.ARM.attributes
                0x00000000       0x30
 *(.ARM.attributes)
 .ARM.attributes
                0x00000000       0x22 c:/ac6/systemworkbench/plugins/fr.ac6.mcu.externaltools.arm-none.win32_1.15.0.201708311556/tools/compiler/bin/../lib/gcc/arm-none-eabi/6.3.1/thumb/v7e-m/fpv4-sp/hard/crti.o
 .ARM.attributes
                0x00000022       0x34 c:/ac6/systemworkbench/plugins/fr.ac6.mcu.externaltools.arm-none.win32_1.15.0.201708311556/tools/compiler/bin/../lib/gcc/arm-none-eabi/6.3.1/thumb/v7e-m/fpv4-sp/hard/crtbegin.o
 .ARM.attributes
                0x00000056       0x39 Drivers/STM32L4xx_HAL_Driver/Src/stm32l4xx_hal.o
 .ARM.attributes
                0x0000008f       0x39 Drivers/STM32L4xx_HAL_Driver/Src/stm32l4xx_hal_cortex.o
 .ARM.attributes
                0x000000c8       0x39 Drivers/STM32L4xx_HAL_Driver/Src/stm32l4xx_hal_dfsdm.o
 .ARM.attributes
                0x00000101       0x39 Drivers/STM32L4xx_HAL_Driver/Src/stm32l4xx_hal_flash.o
 .ARM.attributes
                0x0000013a       0x39 Drivers/STM32L4xx_HAL_Driver/Src/stm32l4xx_hal_flash_ex.o
 .ARM.attributes
                0x00000173       0x39 Drivers/STM32L4xx_HAL_Driver/Src/stm32l4xx_hal_gpio.o
 .ARM.attributes
                0x000001ac       0x39 Drivers/STM32L4xx_HAL_Driver/Src/stm32l4xx_hal_i2c.o
 .ARM.attributes
                0x000001e5       0x39 Drivers/STM32L4xx_HAL_Driver/Src/stm32l4xx_hal_i2c_ex.o
 .ARM.attributes
                0x0000021e       0x39 Drivers/STM32L4xx_HAL_Driver/Src/stm32l4xx_hal_pcd.o
 .ARM.attributes
                0x00000257       0x39 Drivers/STM32L4xx_HAL_Driver/Src/stm32l4xx_hal_pcd_ex.o
 .ARM.attributes
                0x00000290       0x39 Drivers/STM32L4xx_HAL_Driver/Src/stm32l4xx_hal_pwr_ex.o
 .ARM.attributes
                0x000002c9       0x39 Drivers/STM32L4xx_HAL_Driver/Src/stm32l4xx_hal_qspi.o
 .ARM.attributes
                0x00000302       0x39 Drivers/STM32L4xx_HAL_Driver/Src/stm32l4xx_hal_rcc.o
 .ARM.attributes
                0x0000033b       0x39 Drivers/STM32L4xx_HAL_Driver/Src/stm32l4xx_hal_rcc_ex.o
 .ARM.attributes
                0x00000374       0x39 Drivers/STM32L4xx_HAL_Driver/Src/stm32l4xx_hal_spi.o
 .ARM.attributes
                0x000003ad       0x39 Drivers/STM32L4xx_HAL_Driver/Src/stm32l4xx_hal_uart.o
 .ARM.attributes
                0x000003e6       0x39 Drivers/STM32L4xx_HAL_Driver/Src/stm32l4xx_ll_usb.o
 .ARM.attributes
                0x0000041f       0x39 Src/dfsdm.o
 .ARM.attributes
                0x00000458       0x39 Src/gpio.o
 .ARM.attributes
                0x00000491       0x39 Src/i2c.o
 .ARM.attributes
                0x000004ca       0x39 Src/main.o
 .ARM.attributes
                0x00000503       0x39 Src/quadspi.o
 .ARM.attributes
                0x0000053c       0x39 Src/spi.o
 .ARM.attributes
                0x00000575       0x39 Src/stm32l4xx_hal_msp.o
 .ARM.attributes
                0x000005ae       0x39 Src/stm32l4xx_it.o
 .ARM.attributes
                0x000005e7       0x39 Src/system_stm32l4xx.o
 .ARM.attributes
                0x00000620       0x39 Src/usart.o
 .ARM.attributes
                0x00000659       0x39 Src/usb_otg.o
 .ARM.attributes
                0x00000692       0x21 startup/startup_stm32l475xx.o
 .ARM.attributes
                0x000006b3       0x22 c:/ac6/systemworkbench/plugins/fr.ac6.mcu.externaltools.arm-none.win32_1.15.0.201708311556/tools/compiler/bin/../lib/gcc/arm-none-eabi/6.3.1/thumb/v7e-m/fpv4-sp/hard\libgcc.a(_aeabi_uldivmod.o)
 .ARM.attributes
                0x000006d5       0x34 c:/ac6/systemworkbench/plugins/fr.ac6.mcu.externaltools.arm-none.win32_1.15.0.201708311556/tools/compiler/bin/../lib/gcc/arm-none-eabi/6.3.1/thumb/v7e-m/fpv4-sp/hard\libgcc.a(_udivmoddi4.o)
 .ARM.attributes
                0x00000709       0x22 c:/ac6/systemworkbench/plugins/fr.ac6.mcu.externaltools.arm-none.win32_1.15.0.201708311556/tools/compiler/bin/../lib/gcc/arm-none-eabi/6.3.1/thumb/v7e-m/fpv4-sp/hard\libgcc.a(_dvmd_tls.o)
 .ARM.attributes
                0x0000072b       0x34 c:/ac6/systemworkbench/plugins/fr.ac6.mcu.externaltools.arm-none.win32_1.15.0.201708311556/tools/compiler/bin/../lib/gcc/arm-none-eabi/6.3.1/../../../../arm-none-eabi/lib/thumb/v7e-m/fpv4-sp/hard\libc_nano.a(lib_a-init.o)
 .ARM.attributes
                0x0000075f       0x22 c:/ac6/systemworkbench/plugins/fr.ac6.mcu.externaltools.arm-none.win32_1.15.0.201708311556/tools/compiler/bin/../lib/gcc/arm-none-eabi/6.3.1/thumb/v7e-m/fpv4-sp/hard/crtn.o
OUTPUT(L475_DualBoot.elf elf32-littlearm)

.debug_info     0x00000000    0x2a27b
 .debug_info    0x00000000     0x1313 Drivers/STM32L4xx_HAL_Driver/Src/stm32l4xx_hal.o
 .debug_info    0x00001313     0x1783 Drivers/STM32L4xx_HAL_Driver/Src/stm32l4xx_hal_cortex.o
 .debug_info    0x00002a96     0x261f Drivers/STM32L4xx_HAL_Driver/Src/stm32l4xx_hal_dfsdm.o
 .debug_info    0x000050b5     0x101c Drivers/STM32L4xx_HAL_Driver/Src/stm32l4xx_hal_flash.o
 .debug_info    0x000060d1     0x130f Drivers/STM32L4xx_HAL_Driver/Src/stm32l4xx_hal_flash_ex.o
 .debug_info    0x000073e0     0x1090 Drivers/STM32L4xx_HAL_Driver/Src/stm32l4xx_hal_gpio.o
 .debug_info    0x00008470     0x3a04 Drivers/STM32L4xx_HAL_Driver/Src/stm32l4xx_hal_i2c.o
 .debug_info    0x0000be74     0x1256 Drivers/STM32L4xx_HAL_Driver/Src/stm32l4xx_hal_i2c_ex.o
 .debug_info    0x0000d0ca     0x1ebf Drivers/STM32L4xx_HAL_Driver/Src/stm32l4xx_hal_pcd.o
 .debug_info    0x0000ef89     0x1316 Drivers/STM32L4xx_HAL_Driver/Src/stm32l4xx_hal_pcd_ex.o
 .debug_info    0x0001029f     0x12cd Drivers/STM32L4xx_HAL_Driver/Src/stm32l4xx_hal_pwr_ex.o
 .debug_info    0x0001156c     0x1ede Drivers/STM32L4xx_HAL_Driver/Src/stm32l4xx_hal_qspi.o
 .debug_info    0x0001344a     0x15eb Drivers/STM32L4xx_HAL_Driver/Src/stm32l4xx_hal_rcc.o
 .debug_info    0x00014a35     0x18da Drivers/STM32L4xx_HAL_Driver/Src/stm32l4xx_hal_rcc_ex.o
 .debug_info    0x0001630f     0x25c1 Drivers/STM32L4xx_HAL_Driver/Src/stm32l4xx_hal_spi.o
 .debug_info    0x000188d0     0x242d Drivers/STM32L4xx_HAL_Driver/Src/stm32l4xx_hal_uart.o
 .debug_info    0x0001acfd     0x1f7c Drivers/STM32L4xx_HAL_Driver/Src/stm32l4xx_ll_usb.o
 .debug_info    0x0001cc79     0x1007 Src/dfsdm.o
 .debug_info    0x0001dc80     0x12c4 Src/gpio.o
 .debug_info    0x0001ef44     0x1349 Src/i2c.o
 .debug_info    0x0002028d     0x2b96 Src/main.o
 .debug_info    0x00022e23     0x1232 Src/quadspi.o
 .debug_info    0x00024055     0x1273 Src/spi.o
 .debug_info    0x000252c8      0xeda Src/stm32l4xx_hal_msp.o
 .debug_info    0x000261a2      0xb30 Src/stm32l4xx_it.o
 .debug_info    0x00026cd2      0xde9 Src/system_stm32l4xx.o
 .debug_info    0x00027abb     0x1407 Src/usart.o
 .debug_info    0x00028ec2     0x1350 Src/usb_otg.o
 .debug_info    0x0002a212       0x69 startup/startup_stm32l475xx.o

.debug_abbrev   0x00000000     0x4c9e
 .debug_abbrev  0x00000000      0x2ec Drivers/STM32L4xx_HAL_Driver/Src/stm32l4xx_hal.o
 .debug_abbrev  0x000002ec      0x3b8 Drivers/STM32L4xx_HAL_Driver/Src/stm32l4xx_hal_cortex.o
 .debug_abbrev  0x000006a4      0x2f6 Drivers/STM32L4xx_HAL_Driver/Src/stm32l4xx_hal_dfsdm.o
 .debug_abbrev  0x0000099a      0x33d Drivers/STM32L4xx_HAL_Driver/Src/stm32l4xx_hal_flash.o
 .debug_abbrev  0x00000cd7      0x36c Drivers/STM32L4xx_HAL_Driver/Src/stm32l4xx_hal_flash_ex.o
 .debug_abbrev  0x00001043      0x2a5 Drivers/STM32L4xx_HAL_Driver/Src/stm32l4xx_hal_gpio.o
 .debug_abbrev  0x000012e8      0x2dd Drivers/STM32L4xx_HAL_Driver/Src/stm32l4xx_hal_i2c.o
 .debug_abbrev  0x000015c5      0x255 Drivers/STM32L4xx_HAL_Driver/Src/stm32l4xx_hal_i2c_ex.o
 .debug_abbrev  0x0000181a      0x31e Drivers/STM32L4xx_HAL_Driver/Src/stm32l4xx_hal_pcd.o
 .debug_abbrev  0x00001b38      0x2fe Drivers/STM32L4xx_HAL_Driver/Src/stm32l4xx_hal_pcd_ex.o
 .debug_abbrev  0x00001e36      0x2d2 Drivers/STM32L4xx_HAL_Driver/Src/stm32l4xx_hal_pwr_ex.o
 .debug_abbrev  0x00002108      0x314 Drivers/STM32L4xx_HAL_Driver/Src/stm32l4xx_hal_qspi.o
 .debug_abbrev  0x0000241c      0x2ea Drivers/STM32L4xx_HAL_Driver/Src/stm32l4xx_hal_rcc.o
 .debug_abbrev  0x00002706      0x30a Drivers/STM32L4xx_HAL_Driver/Src/stm32l4xx_hal_rcc_ex.o
 .debug_abbrev  0x00002a10      0x2df Drivers/STM32L4xx_HAL_Driver/Src/stm32l4xx_hal_spi.o
 .debug_abbrev  0x00002cef      0x31f Drivers/STM32L4xx_HAL_Driver/Src/stm32l4xx_hal_uart.o
 .debug_abbrev  0x0000300e      0x304 Drivers/STM32L4xx_HAL_Driver/Src/stm32l4xx_ll_usb.o
 .debug_abbrev  0x00003312      0x256 Src/dfsdm.o
 .debug_abbrev  0x00003568      0x232 Src/gpio.o
 .debug_abbrev  0x0000379a      0x256 Src/i2c.o
 .debug_abbrev  0x000039f0      0x2b3 Src/main.o
 .debug_abbrev  0x00003ca3      0x256 Src/quadspi.o
 .debug_abbrev  0x00003ef9      0x256 Src/spi.o
 .debug_abbrev  0x0000414f      0x232 Src/stm32l4xx_hal_msp.o
 .debug_abbrev  0x00004381      0x20b Src/stm32l4xx_it.o
 .debug_abbrev  0x0000458c      0x226 Src/system_stm32l4xx.o
 .debug_abbrev  0x000047b2      0x256 Src/usart.o
 .debug_abbrev  0x00004a08      0x284 Src/usb_otg.o
 .debug_abbrev  0x00004c8c       0x12 startup/startup_stm32l475xx.o

.debug_loc      0x00000000    0x109fe
 .debug_loc     0x00000000       0xf8 Drivers/STM32L4xx_HAL_Driver/Src/stm32l4xx_hal.o
 .debug_loc     0x000000f8      0x5ce Drivers/STM32L4xx_HAL_Driver/Src/stm32l4xx_hal_cortex.o
 .debug_loc     0x000006c6     0x1cf9 Drivers/STM32L4xx_HAL_Driver/Src/stm32l4xx_hal_dfsdm.o
 .debug_loc     0x000023bf      0x3e2 Drivers/STM32L4xx_HAL_Driver/Src/stm32l4xx_hal_flash.o
 .debug_loc     0x000027a1      0x883 Drivers/STM32L4xx_HAL_Driver/Src/stm32l4xx_hal_flash_ex.o
 .debug_loc     0x00003024      0x33d Drivers/STM32L4xx_HAL_Driver/Src/stm32l4xx_hal_gpio.o
 .debug_loc     0x00003361     0x3ab1 Drivers/STM32L4xx_HAL_Driver/Src/stm32l4xx_hal_i2c.o
 .debug_loc     0x00006e12      0x21c Drivers/STM32L4xx_HAL_Driver/Src/stm32l4xx_hal_i2c_ex.o
 .debug_loc     0x0000702e      0xd9b Drivers/STM32L4xx_HAL_Driver/Src/stm32l4xx_hal_pcd.o
 .debug_loc     0x00007dc9      0x18d Drivers/STM32L4xx_HAL_Driver/Src/stm32l4xx_hal_pcd_ex.o
 .debug_loc     0x00007f56      0x8f5 Drivers/STM32L4xx_HAL_Driver/Src/stm32l4xx_hal_pwr_ex.o
 .debug_loc     0x0000884b     0x1423 Drivers/STM32L4xx_HAL_Driver/Src/stm32l4xx_hal_qspi.o
 .debug_loc     0x00009c6e      0x60d Drivers/STM32L4xx_HAL_Driver/Src/stm32l4xx_hal_rcc.o
 .debug_loc     0x0000a27b     0x1aed Drivers/STM32L4xx_HAL_Driver/Src/stm32l4xx_hal_rcc_ex.o
 .debug_loc     0x0000bd68     0x1b6c Drivers/STM32L4xx_HAL_Driver/Src/stm32l4xx_hal_spi.o
 .debug_loc     0x0000d8d4     0x1838 Drivers/STM32L4xx_HAL_Driver/Src/stm32l4xx_hal_uart.o
 .debug_loc     0x0000f10c     0x14ba Drivers/STM32L4xx_HAL_Driver/Src/stm32l4xx_ll_usb.o
 .debug_loc     0x000105c6       0x5b Src/dfsdm.o
 .debug_loc     0x00010621       0x5b Src/i2c.o
 .debug_loc     0x0001067c       0x5b Src/quadspi.o
 .debug_loc     0x000106d7       0x5b Src/spi.o
 .debug_loc     0x00010732      0x1e4 Src/system_stm32l4xx.o
 .debug_loc     0x00010916       0xa6 Src/usart.o
 .debug_loc     0x000109bc       0x42 Src/usb_otg.o

.debug_aranges  0x00000000     0x1548
 .debug_aranges
                0x00000000      0x118 Drivers/STM32L4xx_HAL_Driver/Src/stm32l4xx_hal.o
 .debug_aranges
                0x00000118       0xa8 Drivers/STM32L4xx_HAL_Driver/Src/stm32l4xx_hal_cortex.o
 .debug_aranges
                0x000001c0      0x248 Drivers/STM32L4xx_HAL_Driver/Src/stm32l4xx_hal_dfsdm.o
 .debug_aranges
                0x00000408       0x90 Drivers/STM32L4xx_HAL_Driver/Src/stm32l4xx_hal_flash.o
 .debug_aranges
                0x00000498       0x90 Drivers/STM32L4xx_HAL_Driver/Src/stm32l4xx_hal_flash_ex.o
 .debug_aranges
                0x00000528       0x58 Drivers/STM32L4xx_HAL_Driver/Src/stm32l4xx_hal_gpio.o
 .debug_aranges
                0x00000580      0x260 Drivers/STM32L4xx_HAL_Driver/Src/stm32l4xx_hal_i2c.o
 .debug_aranges
                0x000007e0       0x48 Drivers/STM32L4xx_HAL_Driver/Src/stm32l4xx_hal_i2c_ex.o
 .debug_aranges
                0x00000828      0x120 Drivers/STM32L4xx_HAL_Driver/Src/stm32l4xx_hal_pcd.o
 .debug_aranges
                0x00000948       0x60 Drivers/STM32L4xx_HAL_Driver/Src/stm32l4xx_hal_pcd_ex.o
 .debug_aranges
                0x000009a8      0x148 Drivers/STM32L4xx_HAL_Driver/Src/stm32l4xx_hal_pwr_ex.o
 .debug_aranges
                0x00000af0      0x160 Drivers/STM32L4xx_HAL_Driver/Src/stm32l4xx_hal_qspi.o
 .debug_aranges
                0x00000c50       0x88 Drivers/STM32L4xx_HAL_Driver/Src/stm32l4xx_hal_rcc.o
 .debug_aranges
                0x00000cd8       0xb8 Drivers/STM32L4xx_HAL_Driver/Src/stm32l4xx_hal_rcc_ex.o
 .debug_aranges
                0x00000d90      0x1d8 Drivers/STM32L4xx_HAL_Driver/Src/stm32l4xx_hal_spi.o
 .debug_aranges
                0x00000f68      0x1f8 Drivers/STM32L4xx_HAL_Driver/Src/stm32l4xx_hal_uart.o
 .debug_aranges
                0x00001160      0x190 Drivers/STM32L4xx_HAL_Driver/Src/stm32l4xx_ll_usb.o
 .debug_aranges
                0x000012f0       0x30 Src/dfsdm.o
 .debug_aranges
                0x00001320       0x20 Src/gpio.o
 .debug_aranges
                0x00001340       0x30 Src/i2c.o
 .debug_aranges
                0x00001370       0x30 Src/main.o
 .debug_aranges
                0x000013a0       0x30 Src/quadspi.o
 .debug_aranges
                0x000013d0       0x30 Src/spi.o
 .debug_aranges
                0x00001400       0x20 Src/stm32l4xx_hal_msp.o
 .debug_aranges
                0x00001420       0x70 Src/stm32l4xx_it.o
 .debug_aranges
                0x00001490       0x28 Src/system_stm32l4xx.o
 .debug_aranges
                0x000014b8       0x38 Src/usart.o
 .debug_aranges
                0x000014f0       0x30 Src/usb_otg.o
 .debug_aranges
                0x00001520       0x28 startup/startup_stm32l475xx.o

.debug_ranges   0x00000000     0x1438
 .debug_ranges  0x00000000      0x108 Drivers/STM32L4xx_HAL_Driver/Src/stm32l4xx_hal.o
 .debug_ranges  0x00000108       0xf8 Drivers/STM32L4xx_HAL_Driver/Src/stm32l4xx_hal_cortex.o
 .debug_ranges  0x00000200      0x258 Drivers/STM32L4xx_HAL_Driver/Src/stm32l4xx_hal_dfsdm.o
 .debug_ranges  0x00000458       0x80 Drivers/STM32L4xx_HAL_Driver/Src/stm32l4xx_hal_flash.o
 .debug_ranges  0x000004d8       0x80 Drivers/STM32L4xx_HAL_Driver/Src/stm32l4xx_hal_flash_ex.o
 .debug_ranges  0x00000558       0x48 Drivers/STM32L4xx_HAL_Driver/Src/stm32l4xx_hal_gpio.o
 .debug_ranges  0x000005a0      0x250 Drivers/STM32L4xx_HAL_Driver/Src/stm32l4xx_hal_i2c.o
 .debug_ranges  0x000007f0       0x38 Drivers/STM32L4xx_HAL_Driver/Src/stm32l4xx_hal_i2c_ex.o
 .debug_ranges  0x00000828      0x110 Drivers/STM32L4xx_HAL_Driver/Src/stm32l4xx_hal_pcd.o
 .debug_ranges  0x00000938       0x50 Drivers/STM32L4xx_HAL_Driver/Src/stm32l4xx_hal_pcd_ex.o
 .debug_ranges  0x00000988      0x138 Drivers/STM32L4xx_HAL_Driver/Src/stm32l4xx_hal_pwr_ex.o
 .debug_ranges  0x00000ac0      0x150 Drivers/STM32L4xx_HAL_Driver/Src/stm32l4xx_hal_qspi.o
 .debug_ranges  0x00000c10       0x90 Drivers/STM32L4xx_HAL_Driver/Src/stm32l4xx_hal_rcc.o
 .debug_ranges  0x00000ca0       0xc8 Drivers/STM32L4xx_HAL_Driver/Src/stm32l4xx_hal_rcc_ex.o
 .debug_ranges  0x00000d68      0x1c8 Drivers/STM32L4xx_HAL_Driver/Src/stm32l4xx_hal_spi.o
 .debug_ranges  0x00000f30      0x1e8 Drivers/STM32L4xx_HAL_Driver/Src/stm32l4xx_hal_uart.o
 .debug_ranges  0x00001118      0x180 Drivers/STM32L4xx_HAL_Driver/Src/stm32l4xx_ll_usb.o
 .debug_ranges  0x00001298       0x20 Src/dfsdm.o
 .debug_ranges  0x000012b8       0x10 Src/gpio.o
 .debug_ranges  0x000012c8       0x20 Src/i2c.o
 .debug_ranges  0x000012e8       0x20 Src/main.o
 .debug_ranges  0x00001308       0x20 Src/quadspi.o
 .debug_ranges  0x00001328       0x20 Src/spi.o
 .debug_ranges  0x00001348       0x10 Src/stm32l4xx_hal_msp.o
 .debug_ranges  0x00001358       0x60 Src/stm32l4xx_it.o
 .debug_ranges  0x000013b8       0x18 Src/system_stm32l4xx.o
 .debug_ranges  0x000013d0       0x28 Src/usart.o
 .debug_ranges  0x000013f8       0x20 Src/usb_otg.o
 .debug_ranges  0x00001418       0x20 startup/startup_stm32l475xx.o

.debug_macro    0x00000000    0x2a720
 .debug_macro   0x00000000      0x3b5 Drivers/STM32L4xx_HAL_Driver/Src/stm32l4xx_hal.o
 .debug_macro   0x000003b5      0x8c2 Drivers/STM32L4xx_HAL_Driver/Src/stm32l4xx_hal.o
 .debug_macro   0x00000c77      0x448 Drivers/STM32L4xx_HAL_Driver/Src/stm32l4xx_hal.o
 .debug_macro   0x000010bf       0xc6 Drivers/STM32L4xx_HAL_Driver/Src/stm32l4xx_hal.o
 .debug_macro   0x00001185       0x2e Drivers/STM32L4xx_HAL_Driver/Src/stm32l4xx_hal.o
 .debug_macro   0x000011b3       0x28 Drivers/STM32L4xx_HAL_Driver/Src/stm32l4xx_hal.o
 .debug_macro   0x000011db       0x22 Drivers/STM32L4xx_HAL_Driver/Src/stm32l4xx_hal.o
 .debug_macro   0x000011fd       0x87 Drivers/STM32L4xx_HAL_Driver/Src/stm32l4xx_hal.o
 .debug_macro   0x00001284       0x51 Drivers/STM32L4xx_HAL_Driver/Src/stm32l4xx_hal.o
 .debug_macro   0x000012d5       0xef Drivers/STM32L4xx_HAL_Driver/Src/stm32l4xx_hal.o
 .debug_macro   0x000013c4       0x6a Drivers/STM32L4xx_HAL_Driver/Src/stm32l4xx_hal.o
 .debug_macro   0x0000142e      0x1df Drivers/STM32L4xx_HAL_Driver/Src/stm32l4xx_hal.o
 .debug_macro   0x0000160d       0x35 Drivers/STM32L4xx_HAL_Driver/Src/stm32l4xx_hal.o
 .debug_macro   0x00001642       0x50 Drivers/STM32L4xx_HAL_Driver/Src/stm32l4xx_hal.o
 .debug_macro   0x00001692      0xe66 Drivers/STM32L4xx_HAL_Driver/Src/stm32l4xx_hal.o
 .debug_macro   0x000024f8    0x19e3b Drivers/STM32L4xx_HAL_Driver/Src/stm32l4xx_hal.o
 .debug_macro   0x0001c333       0x43 Drivers/STM32L4xx_HAL_Driver/Src/stm32l4xx_hal.o
 .debug_macro   0x0001c376     0x36a8 Drivers/STM32L4xx_HAL_Driver/Src/stm32l4xx_hal.o
 .debug_macro   0x0001fa1e       0x58 Drivers/STM32L4xx_HAL_Driver/Src/stm32l4xx_hal.o
 .debug_macro   0x0001fa76       0x35 Drivers/STM32L4xx_HAL_Driver/Src/stm32l4xx_hal.o
 .debug_macro   0x0001faab       0x9c Drivers/STM32L4xx_HAL_Driver/Src/stm32l4xx_hal.o
 .debug_macro   0x0001fb47       0x16 Drivers/STM32L4xx_HAL_Driver/Src/stm32l4xx_hal.o
 .debug_macro   0x0001fb5d       0x97 Drivers/STM32L4xx_HAL_Driver/Src/stm32l4xx_hal.o
 .debug_macro   0x0001fbf4      0x330 Drivers/STM32L4xx_HAL_Driver/Src/stm32l4xx_hal.o
 .debug_macro   0x0001ff24       0xfd Drivers/STM32L4xx_HAL_Driver/Src/stm32l4xx_hal.o
 .debug_macro   0x00020021       0x10 Drivers/STM32L4xx_HAL_Driver/Src/stm32l4xx_hal.o
 .debug_macro   0x00020031       0x58 Drivers/STM32L4xx_HAL_Driver/Src/stm32l4xx_hal.o
 .debug_macro   0x00020089       0x1f Drivers/STM32L4xx_HAL_Driver/Src/stm32l4xx_hal.o
 .debug_macro   0x000200a8       0x43 Drivers/STM32L4xx_HAL_Driver/Src/stm32l4xx_hal.o
 .debug_macro   0x000200eb       0x20 Drivers/STM32L4xx_HAL_Driver/Src/stm32l4xx_hal.o
 .debug_macro   0x0002010b      0x187 Drivers/STM32L4xx_HAL_Driver/Src/stm32l4xx_hal.o
 .debug_macro   0x00020292       0x10 Drivers/STM32L4xx_HAL_Driver/Src/stm32l4xx_hal.o
 .debug_macro   0x000202a2       0x1c Drivers/STM32L4xx_HAL_Driver/Src/stm32l4xx_hal.o
 .debug_macro   0x000202be       0x52 Drivers/STM32L4xx_HAL_Driver/Src/stm32l4xx_hal.o
 .debug_macro   0x00020310       0x40 Drivers/STM32L4xx_HAL_Driver/Src/stm32l4xx_hal.o
 .debug_macro   0x00020350       0x10 Drivers/STM32L4xx_HAL_Driver/Src/stm32l4xx_hal.o
 .debug_macro   0x00020360       0x40 Drivers/STM32L4xx_HAL_Driver/Src/stm32l4xx_hal.o
 .debug_macro   0x000203a0       0xd7 Drivers/STM32L4xx_HAL_Driver/Src/stm32l4xx_hal.o
 .debug_macro   0x00020477       0x16 Drivers/STM32L4xx_HAL_Driver/Src/stm32l4xx_hal.o
 .debug_macro   0x0002048d      0x18b Drivers/STM32L4xx_HAL_Driver/Src/stm32l4xx_hal.o
 .debug_macro   0x00020618       0x50 Drivers/STM32L4xx_HAL_Driver/Src/stm32l4xx_hal.o
 .debug_macro   0x00020668     0x1520 Drivers/STM32L4xx_HAL_Driver/Src/stm32l4xx_hal.o
 .debug_macro   0x00021b88      0x59e Drivers/STM32L4xx_HAL_Driver/Src/stm32l4xx_hal.o
 .debug_macro   0x00022126      0x148 Drivers/STM32L4xx_HAL_Driver/Src/stm32l4xx_hal.o
 .debug_macro   0x0002226e      0x17d Drivers/STM32L4xx_HAL_Driver/Src/stm32l4xx_hal.o
 .debug_macro   0x000223eb      0x26b Drivers/STM32L4xx_HAL_Driver/Src/stm32l4xx_hal.o
 .debug_macro   0x00022656      0x29c Drivers/STM32L4xx_HAL_Driver/Src/stm32l4xx_hal.o
 .debug_macro   0x000228f2      0x23a Drivers/STM32L4xx_HAL_Driver/Src/stm32l4xx_hal.o
 .debug_macro   0x00022b2c      0x367 Drivers/STM32L4xx_HAL_Driver/Src/stm32l4xx_hal.o
 .debug_macro   0x00022e93       0x10 Drivers/STM32L4xx_HAL_Driver/Src/stm32l4xx_hal.o
 .debug_macro   0x00022ea3       0xe4 Drivers/STM32L4xx_HAL_Driver/Src/stm32l4xx_hal.o
 .debug_macro   0x00022f87      0x202 Drivers/STM32L4xx_HAL_Driver/Src/stm32l4xx_hal.o
 .debug_macro   0x00023189       0x61 Drivers/STM32L4xx_HAL_Driver/Src/stm32l4xx_hal.o
 .debug_macro   0x000231ea       0x90 Drivers/STM32L4xx_HAL_Driver/Src/stm32l4xx_hal.o
 .debug_macro   0x0002327a      0x126 Drivers/STM32L4xx_HAL_Driver/Src/stm32l4xx_hal.o
 .debug_macro   0x000233a0      0x3db Drivers/STM32L4xx_HAL_Driver/Src/stm32l4xx_hal.o
 .debug_macro   0x0002377b      0x2a3 Drivers/STM32L4xx_HAL_Driver/Src/stm32l4xx_hal.o
 .debug_macro   0x00023a1e      0x2e9 Drivers/STM32L4xx_HAL_Driver/Src/stm32l4xx_hal.o
 .debug_macro   0x00023d07      0x535 Drivers/STM32L4xx_HAL_Driver/Src/stm32l4xx_hal.o
 .debug_macro   0x0002423c       0x44 Drivers/STM32L4xx_HAL_Driver/Src/stm32l4xx_hal.o
 .debug_macro   0x00024280      0x1d1 Drivers/STM32L4xx_HAL_Driver/Src/stm32l4xx_hal.o
 .debug_macro   0x00024451       0xa5 Drivers/STM32L4xx_HAL_Driver/Src/stm32l4xx_hal.o
 .debug_macro   0x000244f6      0x325 Drivers/STM32L4xx_HAL_Driver/Src/stm32l4xx_hal.o
 .debug_macro   0x0002481b      0x367 Drivers/STM32L4xx_HAL_Driver/Src/stm32l4xx_hal_cortex.o
 .debug_macro   0x00024b82      0x38b Drivers/STM32L4xx_HAL_Driver/Src/stm32l4xx_hal_dfsdm.o
 .debug_macro   0x00024f0d      0x36d Drivers/STM32L4xx_HAL_Driver/Src/stm32l4xx_hal_flash.o
 .debug_macro   0x0002527a      0x367 Drivers/STM32L4xx_HAL_Driver/Src/stm32l4xx_hal_flash_ex.o
 .debug_macro   0x000255e1      0x3a6 Drivers/STM32L4xx_HAL_Driver/Src/stm32l4xx_hal_gpio.o
 .debug_macro   0x00025987      0x433 Drivers/STM32L4xx_HAL_Driver/Src/stm32l4xx_hal_i2c.o
 .debug_macro   0x00025dba      0x367 Drivers/STM32L4xx_HAL_Driver/Src/stm32l4xx_hal_i2c_ex.o
 .debug_macro   0x00026121      0x37f Drivers/STM32L4xx_HAL_Driver/Src/stm32l4xx_hal_pcd.o
 .debug_macro   0x000264a0      0x367 Drivers/STM32L4xx_HAL_Driver/Src/stm32l4xx_hal_pcd_ex.o
 .debug_macro   0x00026807      0x38b Drivers/STM32L4xx_HAL_Driver/Src/stm32l4xx_hal_pwr_ex.o
 .debug_macro   0x00026b92      0x38b Drivers/STM32L4xx_HAL_Driver/Src/stm32l4xx_hal_qspi.o
 .debug_macro   0x00026f1d      0x3a9 Drivers/STM32L4xx_HAL_Driver/Src/stm32l4xx_hal_rcc.o
 .debug_macro   0x000272c6      0x39d Drivers/STM32L4xx_HAL_Driver/Src/stm32l4xx_hal_rcc_ex.o
 .debug_macro   0x00027663      0x36f Drivers/STM32L4xx_HAL_Driver/Src/stm32l4xx_hal_spi.o
 .debug_macro   0x000279d2      0x390 Drivers/STM32L4xx_HAL_Driver/Src/stm32l4xx_hal_uart.o
 .debug_macro   0x00027d62      0x36e Drivers/STM32L4xx_HAL_Driver/Src/stm32l4xx_ll_usb.o
 .debug_macro   0x000280d0      0x37b Src/dfsdm.o
 .debug_macro   0x0002844b      0x371 Src/gpio.o
 .debug_macro   0x000287bc      0x37b Src/i2c.o
 .debug_macro   0x00028b37      0x3b7 Src/main.o
 .debug_macro   0x00028eee      0x37b Src/quadspi.o
 .debug_macro   0x00029269      0x37b Src/spi.o
 .debug_macro   0x000295e4      0x367 Src/stm32l4xx_hal_msp.o
 .debug_macro   0x0002994b      0x371 Src/stm32l4xx_it.o
 .debug_macro   0x00029cbc      0x36e Src/system_stm32l4xx.o
 .debug_macro   0x0002a02a      0x37b Src/usart.o
 .debug_macro   0x0002a3a5      0x37b Src/usb_otg.o

.debug_line     0x00000000    0x14a63
 .debug_line    0x00000000      0xa85 Drivers/STM32L4xx_HAL_Driver/Src/stm32l4xx_hal.o
 .debug_line    0x00000a85      0xa4f Drivers/STM32L4xx_HAL_Driver/Src/stm32l4xx_hal_cortex.o
 .debug_line    0x000014d4     0x1226 Drivers/STM32L4xx_HAL_Driver/Src/stm32l4xx_hal_dfsdm.o
 .debug_line    0x000026fa      0xaed Drivers/STM32L4xx_HAL_Driver/Src/stm32l4xx_hal_flash.o
 .debug_line    0x000031e7      0xb2e Drivers/STM32L4xx_HAL_Driver/Src/stm32l4xx_hal_flash_ex.o
 .debug_line    0x00003d15      0x9bf Drivers/STM32L4xx_HAL_Driver/Src/stm32l4xx_hal_gpio.o
 .debug_line    0x000046d4     0x19cd Drivers/STM32L4xx_HAL_Driver/Src/stm32l4xx_hal_i2c.o
 .debug_line    0x000060a1      0x99e Drivers/STM32L4xx_HAL_Driver/Src/stm32l4xx_hal_i2c_ex.o
 .debug_line    0x00006a3f      0xd77 Drivers/STM32L4xx_HAL_Driver/Src/stm32l4xx_hal_pcd.o
 .debug_line    0x000077b6      0x925 Drivers/STM32L4xx_HAL_Driver/Src/stm32l4xx_hal_pcd_ex.o
 .debug_line    0x000080db      0xca6 Drivers/STM32L4xx_HAL_Driver/Src/stm32l4xx_hal_pwr_ex.o
 .debug_line    0x00008d81      0xec8 Drivers/STM32L4xx_HAL_Driver/Src/stm32l4xx_hal_qspi.o
 .debug_line    0x00009c49      0xb90 Drivers/STM32L4xx_HAL_Driver/Src/stm32l4xx_hal_rcc.o
 .debug_line    0x0000a7d9      0xe23 Drivers/STM32L4xx_HAL_Driver/Src/stm32l4xx_hal_rcc_ex.o
 .debug_line    0x0000b5fc     0x1344 Drivers/STM32L4xx_HAL_Driver/Src/stm32l4xx_hal_spi.o
 .debug_line    0x0000c940     0x13db Drivers/STM32L4xx_HAL_Driver/Src/stm32l4xx_hal_uart.o
 .debug_line    0x0000dd1b      0xe27 Drivers/STM32L4xx_HAL_Driver/Src/stm32l4xx_ll_usb.o
 .debug_line    0x0000eb42      0x882 Src/dfsdm.o
 .debug_line    0x0000f3c4      0x8a1 Src/gpio.o
 .debug_line    0x0000fc65      0x87e Src/i2c.o
 .debug_line    0x000104e3      0x90f Src/main.o
 .debug_line    0x00010df2      0x882 Src/quadspi.o
 .debug_line    0x00011674      0x87d Src/spi.o
 .debug_line    0x00011ef1      0x842 Src/stm32l4xx_hal_msp.o
 .debug_line    0x00012733      0x8f0 Src/stm32l4xx_it.o
 .debug_line    0x00013023      0x87b Src/system_stm32l4xx.o
 .debug_line    0x0001389e      0x8b1 Src/usart.o
 .debug_line    0x0001414f      0x895 Src/usb_otg.o
 .debug_line    0x000149e4       0x7f startup/startup_stm32l475xx.o

.debug_str      0x00000000    0xecc63
 .debug_str     0x00000000    0xe625a Drivers/STM32L4xx_HAL_Driver/Src/stm32l4xx_hal.o
                              0xe6706 (size before relaxing)
 .debug_str     0x000e625a      0x3a7 Drivers/STM32L4xx_HAL_Driver/Src/stm32l4xx_hal_cortex.o
                              0xe6425 (size before relaxing)
 .debug_str     0x000e6601      0xfe3 Drivers/STM32L4xx_HAL_Driver/Src/stm32l4xx_hal_dfsdm.o
                              0xe6afe (size before relaxing)
 .debug_str     0x000e75e4      0x3f2 Drivers/STM32L4xx_HAL_Driver/Src/stm32l4xx_hal_flash.o
                              0xe5e8f (size before relaxing)
 .debug_str     0x000e79d6      0x274 Drivers/STM32L4xx_HAL_Driver/Src/stm32l4xx_hal_flash_ex.o
                              0xe5f44 (size before relaxing)
 .debug_str     0x000e7c4a      0x301 Drivers/STM32L4xx_HAL_Driver/Src/stm32l4xx_hal_gpio.o
                              0xe5ec1 (size before relaxing)
 .debug_str     0x000e7f4b      0xfee Drivers/STM32L4xx_HAL_Driver/Src/stm32l4xx_hal_i2c.o
                              0xe6c9c (size before relaxing)
 .debug_str     0x000e8f39       0xb8 Drivers/STM32L4xx_HAL_Driver/Src/stm32l4xx_hal_i2c_ex.o
                              0xe612b (size before relaxing)
 .debug_str     0x000e8ff1      0xb2f Drivers/STM32L4xx_HAL_Driver/Src/stm32l4xx_hal_pcd.o
                              0xe65f1 (size before relaxing)
 .debug_str     0x000e9b20      0x171 Drivers/STM32L4xx_HAL_Driver/Src/stm32l4xx_hal_pcd_ex.o
                              0xe60e7 (size before relaxing)
 .debug_str     0x000e9c91      0x4ab Drivers/STM32L4xx_HAL_Driver/Src/stm32l4xx_hal_pwr_ex.o
                              0xe60fc (size before relaxing)
 .debug_str     0x000ea13c      0x8b4 Drivers/STM32L4xx_HAL_Driver/Src/stm32l4xx_hal_qspi.o
                              0xe6550 (size before relaxing)
 .debug_str     0x000ea9f0      0x480 Drivers/STM32L4xx_HAL_Driver/Src/stm32l4xx_hal_rcc.o
                              0xe61c0 (size before relaxing)
 .debug_str     0x000eae70      0x609 Drivers/STM32L4xx_HAL_Driver/Src/stm32l4xx_hal_rcc_ex.o
                              0xe6395 (size before relaxing)
 .debug_str     0x000eb479      0x683 Drivers/STM32L4xx_HAL_Driver/Src/stm32l4xx_hal_spi.o
                              0xe63b6 (size before relaxing)
 .debug_str     0x000ebafc      0xa46 Drivers/STM32L4xx_HAL_Driver/Src/stm32l4xx_hal_uart.o
                              0xe690d (size before relaxing)
 .debug_str     0x000ec542      0x3dd Drivers/STM32L4xx_HAL_Driver/Src/stm32l4xx_ll_usb.o
                              0xe644e (size before relaxing)
 .debug_str     0x000ec91f       0x67 Src/dfsdm.o
                              0xe5edb (size before relaxing)
 .debug_str     0x000ec986       0x1b Src/gpio.o
                              0xe6106 (size before relaxing)
 .debug_str     0x000ec9a1       0x33 Src/i2c.o
                              0xe6126 (size before relaxing)
 .debug_str     0x000ec9d4       0xe6 Src/main.o
                              0xe781c (size before relaxing)
 .debug_str     0x000ecaba       0x1c Src/quadspi.o
                              0xe6034 (size before relaxing)
 .debug_str     0x000ecad6        0xd Src/spi.o
                              0xe6027 (size before relaxing)
 .debug_str     0x000ecae3       0x1b Src/stm32l4xx_hal_msp.o
                              0xe6050 (size before relaxing)
 .debug_str     0x000ecafe       0xe0 Src/stm32l4xx_it.o
                              0xe5aff (size before relaxing)
 .debug_str     0x000ecbde       0x50 Src/system_stm32l4xx.o
                              0xe5be6 (size before relaxing)
 .debug_str     0x000ecc2e       0x1a Src/usart.o
                              0xe60f7 (size before relaxing)
 .debug_str     0x000ecc48       0x1b Src/usb_otg.o
                              0xe6084 (size before relaxing)

.comment        0x00000000       0x7f
 .comment       0x00000000       0x7f Drivers/STM32L4xx_HAL_Driver/Src/stm32l4xx_hal.o
                                 0x80 (size before relaxing)
 .comment       0x0000007f       0x80 Drivers/STM32L4xx_HAL_Driver/Src/stm32l4xx_hal_cortex.o
 .comment       0x0000007f       0x80 Drivers/STM32L4xx_HAL_Driver/Src/stm32l4xx_hal_dfsdm.o
 .comment       0x0000007f       0x80 Drivers/STM32L4xx_HAL_Driver/Src/stm32l4xx_hal_flash.o
 .comment       0x0000007f       0x80 Drivers/STM32L4xx_HAL_Driver/Src/stm32l4xx_hal_flash_ex.o
 .comment       0x0000007f       0x80 Drivers/STM32L4xx_HAL_Driver/Src/stm32l4xx_hal_gpio.o
 .comment       0x0000007f       0x80 Drivers/STM32L4xx_HAL_Driver/Src/stm32l4xx_hal_i2c.o
 .comment       0x0000007f       0x80 Drivers/STM32L4xx_HAL_Driver/Src/stm32l4xx_hal_i2c_ex.o
 .comment       0x0000007f       0x80 Drivers/STM32L4xx_HAL_Driver/Src/stm32l4xx_hal_pcd.o
 .comment       0x0000007f       0x80 Drivers/STM32L4xx_HAL_Driver/Src/stm32l4xx_hal_pcd_ex.o
 .comment       0x0000007f       0x80 Drivers/STM32L4xx_HAL_Driver/Src/stm32l4xx_hal_pwr_ex.o
 .comment       0x0000007f       0x80 Drivers/STM32L4xx_HAL_Driver/Src/stm32l4xx_hal_qspi.o
 .comment       0x0000007f       0x80 Drivers/STM32L4xx_HAL_Driver/Src/stm32l4xx_hal_rcc.o
 .comment       0x0000007f       0x80 Drivers/STM32L4xx_HAL_Driver/Src/stm32l4xx_hal_rcc_ex.o
 .comment       0x0000007f       0x80 Drivers/STM32L4xx_HAL_Driver/Src/stm32l4xx_hal_spi.o
 .comment       0x0000007f       0x80 Drivers/STM32L4xx_HAL_Driver/Src/stm32l4xx_hal_uart.o
 .comment       0x0000007f       0x80 Drivers/STM32L4xx_HAL_Driver/Src/stm32l4xx_ll_usb.o
 .comment       0x0000007f       0x80 Src/dfsdm.o
 .comment       0x0000007f       0x80 Src/gpio.o
 .comment       0x0000007f       0x80 Src/i2c.o
 .comment       0x0000007f       0x80 Src/main.o
 .comment       0x0000007f       0x80 Src/quadspi.o
 .comment       0x0000007f       0x80 Src/spi.o
 .comment       0x0000007f       0x80 Src/stm32l4xx_hal_msp.o
 .comment       0x0000007f       0x80 Src/stm32l4xx_it.o
 .comment       0x0000007f       0x80 Src/system_stm32l4xx.o
 .comment       0x0000007f       0x80 Src/usart.o
 .comment       0x0000007f       0x80 Src/usb_otg.o

.debug_frame    0x00000000     0x383c
 .debug_frame   0x00000000      0x23c Drivers/STM32L4xx_HAL_Driver/Src/stm32l4xx_hal.o
 .debug_frame   0x0000023c      0x15c Drivers/STM32L4xx_HAL_Driver/Src/stm32l4xx_hal_cortex.o
 .debug_frame   0x00000398      0x628 Drivers/STM32L4xx_HAL_Driver/Src/stm32l4xx_hal_dfsdm.o
 .debug_frame   0x000009c0      0x144 Drivers/STM32L4xx_HAL_Driver/Src/stm32l4xx_hal_flash.o
 .debug_frame   0x00000b04      0x170 Drivers/STM32L4xx_HAL_Driver/Src/stm32l4xx_hal_flash_ex.o
 .debug_frame   0x00000c74       0xd0 Drivers/STM32L4xx_HAL_Driver/Src/stm32l4xx_hal_gpio.o
 .debug_frame   0x00000d44      0x820 Drivers/STM32L4xx_HAL_Driver/Src/stm32l4xx_hal_i2c.o
 .debug_frame   0x00001564       0x80 Drivers/STM32L4xx_HAL_Driver/Src/stm32l4xx_hal_i2c_ex.o
 .debug_frame   0x000015e4      0x30c Drivers/STM32L4xx_HAL_Driver/Src/stm32l4xx_hal_pcd.o
 .debug_frame   0x000018f0       0xb8 Drivers/STM32L4xx_HAL_Driver/Src/stm32l4xx_hal_pcd_ex.o
 .debug_frame   0x000019a8      0x278 Drivers/STM32L4xx_HAL_Driver/Src/stm32l4xx_hal_pwr_ex.o
 .debug_frame   0x00001c20      0x3f4 Drivers/STM32L4xx_HAL_Driver/Src/stm32l4xx_hal_qspi.o
 .debug_frame   0x00002014      0x160 Drivers/STM32L4xx_HAL_Driver/Src/stm32l4xx_hal_rcc.o
 .debug_frame   0x00002174      0x1f4 Drivers/STM32L4xx_HAL_Driver/Src/stm32l4xx_hal_rcc_ex.o
 .debug_frame   0x00002368      0x5b8 Drivers/STM32L4xx_HAL_Driver/Src/stm32l4xx_hal_spi.o
 .debug_frame   0x00002920      0x588 Drivers/STM32L4xx_HAL_Driver/Src/stm32l4xx_hal_uart.o
 .debug_frame   0x00002ea8      0x4ec Drivers/STM32L4xx_HAL_Driver/Src/stm32l4xx_ll_usb.o
 .debug_frame   0x00003394       0x5c Src/dfsdm.o
 .debug_frame   0x000033f0       0x40 Src/gpio.o
 .debug_frame   0x00003430       0x5c Src/i2c.o
 .debug_frame   0x0000348c       0x58 Src/main.o
 .debug_frame   0x000034e4       0x5c Src/quadspi.o
 .debug_frame   0x00003540       0x5c Src/spi.o
 .debug_frame   0x0000359c       0x2c Src/stm32l4xx_hal_msp.o
 .debug_frame   0x000035c8       0xd8 Src/stm32l4xx_it.o
 .debug_frame   0x000036a0       0x30 Src/system_stm32l4xx.o
 .debug_frame   0x000036d0       0x78 Src/usart.o
 .debug_frame   0x00003748       0x68 Src/usb_otg.o
 .debug_frame   0x000037b0       0x2c c:/ac6/systemworkbench/plugins/fr.ac6.mcu.externaltools.arm-none.win32_1.15.0.201708311556/tools/compiler/bin/../lib/gcc/arm-none-eabi/6.3.1/thumb/v7e-m/fpv4-sp/hard\libgcc.a(_aeabi_uldivmod.o)
 .debug_frame   0x000037dc       0x34 c:/ac6/systemworkbench/plugins/fr.ac6.mcu.externaltools.arm-none.win32_1.15.0.201708311556/tools/compiler/bin/../lib/gcc/arm-none-eabi/6.3.1/thumb/v7e-m/fpv4-sp/hard\libgcc.a(_udivmoddi4.o)
 .debug_frame   0x00003810       0x2c c:/ac6/systemworkbench/plugins/fr.ac6.mcu.externaltools.arm-none.win32_1.15.0.201708311556/tools/compiler/bin/../lib/gcc/arm-none-eabi/6.3.1/../../../../arm-none-eabi/lib/thumb/v7e-m/fpv4-sp/hard\libc_nano.a(lib_a-init.o)
